<?xml version="1.0" encoding="utf-8"?><testsuites name="pytest tests"><testsuite name="pytest" errors="0" failures="12" skipped="3" tests="1394" time="200.739" timestamp="2026-04-06T12:44:48.578788-03:00" hostname="DESKTOP-LMMSA34"><testcase classname="" name="tests.e2e.test_diagnostic" time="0.000"><skipped message="collection skipped">('C:\\Users\\Micro\\Documents\\Visual Studio\\robo_sistema.binace.api\\tests\\e2e\\test_diagnostic.py', 14, 'Skipped: OptimizationDiagnostic OOP classes not available in diagnose_optimization.py')</skipped></testcase><testcase classname="" name="tests.e2e.test_orchestrator_initialization" time="0.000"><skipped message="collection skipped">('C:\\Users\\Micro\\Documents\\Visual Studio\\robo_sistema.binace.api\\tests\\e2e\\test_orchestrator_initialization.py', 9, 'Skipped: TestOrchestratorConfig not available in tests.fixtures')</skipped></testcase><testcase classname="tests.e2e.test_export_signals" name="test_chart_signal_creation" time="0.005" /><testcase classname="tests.e2e.test_export_signals" name="test_determine_side" time="0.002" /><testcase classname="tests.e2e.test_export_signals" name="test_calculate_strength" time="0.002" /><testcase classname="tests.e2e.test_export_signals" name="test_symbol_mapping" time="0.003" /><testcase classname="tests.e2e.test_export_signals" name="test_event_to_signal_conversion" time="0.003" /><testcase classname="tests.e2e.test_market_orchestrator_comprehensive.TestMarketOrchestratorComprehensive" name="test_initialization" time="0.002" /><testcase classname="tests.e2e.test_market_orchestrator_comprehensive.TestMarketOrchestratorComprehensive" name="test_start_and_stop" time="0.006" /><testcase classname="tests.e2e.test_market_orchestrator_comprehensive.TestMarketOrchestratorComprehensive" name="test_process_market_data_success" time="0.011" /><testcase classname="tests.e2e.test_market_orchestrator_comprehensive.TestMarketOrchestratorComprehensive" name="test_process_market_data_without_ai" time="0.007" /><testcase classname="tests.e2e.test_market_orchestrator_comprehensive.TestMarketOrchestratorComprehensive" name="test_process_market_data_with_ai_error" time="0.007" /><testcase classname="tests.e2e.test_market_orchestrator_comprehensive.TestMarketOrchestratorComprehensive" name="test_process_market_data_orchestrator_not_running" time="0.007" /><testcase classname="tests.e2e.test_market_orchestrator_comprehensive.TestMarketOrchestratorComprehensive" name="test_process_market_data_with_exception" time="0.006" /><testcase classname="tests.e2e.test_market_orchestrator_comprehensive.TestMarketOrchestratorComprehensive" name="test_execute_trade_flow_success" time="0.007" /><testcase classname="tests.e2e.test_market_orchestrator_comprehensive.TestMarketOrchestratorComprehensive" name="test_execute_trade_flow_risk_rejection" time="0.006" /><testcase classname="tests.e2e.test_market_orchestrator_comprehensive.TestMarketOrchestratorComprehensive" name="test_execute_trade_flow_cooldown_active" time="0.008" /><testcase classname="tests.e2e.test_market_orchestrator_comprehensive.TestMarketOrchestratorComprehensive" name="test_execute_trade_flow_execution_failure" time="0.008" /><testcase classname="tests.e2e.test_market_orchestrator_comprehensive.TestMarketOrchestratorComprehensive" name="test_execute_trade_flow_with_exception" time="0.007" /><testcase classname="tests.e2e.test_market_orchestrator_comprehensive.TestMarketOrchestratorComprehensive" name="test_execute_trade_flow_orchestrator_not_running" time="0.007" /><testcase classname="tests.e2e.test_market_orchestrator_comprehensive.TestMarketOrchestratorComprehensive" name="test_add_position" time="0.004" /><testcase classname="tests.e2e.test_market_orchestrator_comprehensive.TestMarketOrchestratorComprehensive" name="test_add_position_duplicate" time="0.004" /><testcase classname="tests.e2e.test_market_orchestrator_comprehensive.TestMarketOrchestratorComprehensive" name="test_update_position" time="0.005" /><testcase classname="tests.e2e.test_market_orchestrator_comprehensive.TestMarketOrchestratorComprehensive" name="test_update_position_with_risk_manager" time="0.004" /><testcase classname="tests.e2e.test_market_orchestrator_comprehensive.TestMarketOrchestratorComprehensive" name="test_remove_position" time="0.004" /><testcase classname="tests.e2e.test_market_orchestrator_comprehensive.TestMarketOrchestratorComprehensive" name="test_remove_position_without_exit_price" time="0.004" /><testcase classname="tests.e2e.test_market_orchestrator_comprehensive.TestMarketOrchestratorComprehensive" name="test_get_portfolio_summary" time="0.007" /><testcase classname="tests.e2e.test_market_orchestrator_comprehensive.TestMarketOrchestratorComprehensive" name="test_get_portfolio_summary_empty" time="0.004" /><testcase classname="tests.e2e.test_market_orchestrator_comprehensive.TestMarketOrchestratorComprehensive" name="test_can_execute_trade" time="0.004" /><testcase classname="tests.e2e.test_market_orchestrator_comprehensive.TestMarketOrchestratorComprehensive" name="test_get_cooldown_remaining" time="0.004" /><testcase classname="tests.e2e.test_market_orchestrator_comprehensive.TestMarketOrchestratorComprehensive" name="test_check_position_limits" time="0.006" /><testcase classname="tests.e2e.test_market_orchestrator_comprehensive.TestMarketOrchestratorComprehensive" name="test_check_daily_loss_limit" time="0.007" /><testcase classname="tests.e2e.test_market_orchestrator_comprehensive.TestMarketOrchestratorComprehensive" name="test_error_state_detection" time="0.007" /><testcase classname="tests.e2e.test_market_orchestrator_comprehensive.TestMarketOrchestratorComprehensive" name="test_error_recovery" time="0.008" /><testcase classname="tests.e2e.test_market_orchestrator_comprehensive.TestMarketOrchestratorComprehensive" name="test_get_performance_metrics" time="0.008" /><testcase classname="tests.e2e.test_market_orchestrator_comprehensive.TestMarketOrchestratorComprehensive" name="test_update_configuration" time="0.007" /><testcase classname="tests.e2e.test_market_orchestrator_comprehensive.TestMarketOrchestratorComprehensive" name="test_serialize_state" time="0.008" /><testcase classname="tests.e2e.test_market_orchestrator_comprehensive.TestMarketOrchestratorComprehensive" name="test_deserialize_state" time="0.004" /><testcase classname="tests.e2e.test_market_orchestrator_comprehensive.TestMarketOrchestratorComprehensive" name="test_serialize_deserialize_roundtrip" time="0.004" /><testcase classname="tests.e2e.test_market_orchestrator_comprehensive.TestMarketOrchestratorComprehensive" name="test_process_market_data_stream" time="0.009" /><testcase classname="tests.e2e.test_market_orchestrator_comprehensive.TestMarketOrchestratorComprehensive" name="test_process_market_data_stream_stopped" time="0.015" /><testcase classname="tests.e2e.test_market_orchestrator_comprehensive.TestMarketOrchestratorComprehensive" name="test_emergency_stop" time="0.005" /><testcase classname="tests.e2e.test_market_orchestrator_comprehensive.TestMarketOrchestratorComprehensive" name="test_emergency_stop_no_positions" time="0.004" /><testcase classname="tests.e2e.test_market_orchestrator_comprehensive.TestMarketOrchestratorComprehensive" name="test_emergency_stop_with_trade_executor_error" time="0.005" /><testcase classname="tests.e2e.test_market_orchestrator_comprehensive.TestMarketOrchestratorComprehensive" name="test_health_check" time="0.004" /><testcase classname="tests.e2e.test_market_orchestrator_comprehensive.TestMarketOrchestratorComprehensive" name="test_health_check_missing_critical_components" time="0.003" /><testcase classname="tests.e2e.test_market_orchestrator_comprehensive.TestMarketOrchestratorComprehensive" name="test_health_check_missing_non_critical_components" time="0.004" /><testcase classname="tests.e2e.test_market_orchestrator_comprehensive.TestMarketOrchestratorComprehensive" name="test_health_check_not_running" time="0.004" /><testcase classname="tests.e2e.test_market_orchestrator_comprehensive.TestMarketOrchestratorComprehensive" name="test_generate_analytics_report" time="0.013" /><testcase classname="tests.e2e.test_market_orchestrator_comprehensive.TestMarketOrchestratorComprehensive" name="test_generate_analytics_report_no_trades" time="0.004" /><testcase classname="tests.e2e.test_market_orchestrator_comprehensive.TestMarketOrchestratorComprehensive" name="test_generate_analytics_report_with_filtering" time="0.004" /><testcase classname="tests.e2e.test_market_orchestrator_comprehensive.TestMarketOrchestratorComprehensive" name="test_memory_usage" time="0.005" /><testcase classname="tests.e2e.test_market_orchestrator_comprehensive.TestMarketOrchestratorComprehensive" name="test_concurrent_trade_requests" time="0.007" /><testcase classname="tests.e2e.test_market_orchestrator_comprehensive.TestMarketOrchestratorComprehensive" name="test_concurrent_market_data_processing" time="0.008" /><testcase classname="tests.e2e.test_market_orchestrator_comprehensive.TestMarketOrchestratorComprehensive" name="test_integration_scenario_complete_trading_cycle" time="0.007" /><testcase classname="tests.e2e.test_market_orchestrator_comprehensive.TestMarketOrchestratorComprehensive" name="test_integration_scenario_error_recovery" time="0.007" /><testcase classname="tests.e2e.test_market_orchestrator_comprehensive.TestMarketOrchestratorComprehensive" name="test_stress_test_high_frequency_updates" time="0.023" /><testcase classname="tests.e2e.test_market_orchestrator_comprehensive.TestMarketOrchestratorComprehensive" name="test_stress_test_memory_usage_with_many_positions" time="0.044" /><testcase classname="tests.e2e.test_market_orchestrator_comprehensive.TestMarketOrchestratorComprehensive" name="test_edge_case_empty_market_data" time="0.003" /><testcase classname="tests.e2e.test_market_orchestrator_comprehensive.TestMarketOrchestratorComprehensive" name="test_edge_case_invalid_trade_signal" time="0.004" /><testcase classname="tests.e2e.test_market_orchestrator_comprehensive.TestMarketOrchestratorComprehensive" name="test_edge_case_extreme_values" time="0.004" /><testcase classname="tests.e2e.test_market_orchestrator_comprehensive.TestMarketOrchestratorComprehensive" name="test_edge_case_unicode_symbols" time="0.005" /><testcase classname="tests.e2e.test_market_orchestrator_comprehensive.TestMarketOrchestratorComprehensive" name="test_robustness_against_none_values" time="0.004" /><testcase classname="tests.e2e.test_market_orchestrator_comprehensive.TestMarketOrchestratorComprehensive" name="test_robustness_against_type_errors" time="0.004" /><testcase classname="tests.e2e.test_market_orchestrator_comprehensive.TestMarketOrchestratorComprehensive" name="test_performance_large_portfolio_operations" time="0.023" /><testcase classname="tests.e2e.test_market_orchestrator_comprehensive.TestMarketOrchestratorComprehensive" name="test_performance_many_trade_history_operations" time="0.087" /><testcase classname="tests.e2e.test_performance_benchmarks.TestPerformanceBenchmarks" name="test_orderbook_update_performance" time="0.009" /><testcase classname="tests.e2e.test_performance_benchmarks.TestPerformanceBenchmarks" name="test_orderbook_analyzer_performance" time="0.004" /><testcase classname="tests.e2e.test_performance_benchmarks.TestPerformanceBenchmarks" name="test_market_orchestrator_throughput" time="13.065"><failure message="AssertionError: Throughput baixo: 77 msg/sec&#10;assert 76.58295901423367 &gt; 100">E   AssertionError: Throughput baixo: 77 msg/sec
    assert 76.58295901423367 &gt; 100</failure></testcase><testcase classname="tests.e2e.test_performance_benchmarks.TestPerformanceBenchmarks" name="test_memory_usage_growth" time="0.211" /><testcase classname="tests.e2e.test_performance_benchmarks.TestPerformanceBenchmarks" name="test_concurrent_performance" time="3.414"><failure message="AssertionError: Throughput concorrente baixo: 293 msg/sec&#10;assert 293.2017427811644 &gt; 500">E   AssertionError: Throughput concorrente baixo: 293 msg/sec
    assert 293.2017427811644 &gt; 500</failure></testcase><testcase classname="tests.e2e.test_system_health.TestMLFeatureCompleteness" name="test_feature_completeness_after_warmup" time="0.006" /><testcase classname="tests.e2e.test_system_health.TestXGBoostNotFrozen" name="test_predictions_vary_with_different_inputs" time="0.030"><failure message="AssertionError: Modelo congelado: 0.5 vs 0.5&#10;assert 0.0 &gt; 0.01&#10; +  where 0.0 = abs((0.5 - 0.5))">E   AssertionError: Modelo congelado: 0.5 vs 0.5
    assert 0.0 &gt; 0.01
     +  where 0.0 = abs((0.5 - 0.5))</failure></testcase><testcase classname="tests.e2e.test_system_health.TestHybridDecisionConflict" name="test_conflict_buy_sell_reduces_confidence" time="0.004"><failure message="AssertionError: assert 0.89 &lt; 0.89&#10; +  where 0.89 = DecisionResult(action='sell', confidence=0.89, sentiment='bearish', rationale='[HYBRID_ENABLED=False] test', source='llm_only', model_prob_up=None, model_confidence=None, llm_action=None, llm_confidence=None, ensemble_score=None, entry_zone=None, invalidation_zone=None, region_type=None, conflict_detected=False, llm_is_fallback=False).confidence">E   AssertionError: assert 0.89 &lt; 0.89
     +  where 0.89 = DecisionResult(action='sell', confidence=0.89, sentiment='bearish', rationale='[HYBRID_ENABLED=False] test', source='llm_only', model_prob_up=None, model_confidence=None, llm_action=None, llm_confidence=None, ensemble_score=None, entry_zone=None, invalidation_zone=None, region_type=None, conflict_detected=False, llm_is_fallback=False).confidence</failure></testcase><testcase classname="tests.e2e.test_system_health.TestPayloadSize" name="test_compact_builder_output_size" time="0.007" /><testcase classname="tests.e2e.test_system_health.TestDynamicDeltaThreshold" name="test_threshold_nonzero_after_warmup" time="0.002" /><testcase classname="tests.e2e.test_system_health.TestPriceTargets" name="test_targets_with_minimal_data" time="0.006"><failure message="assert 0 &gt; 0&#10; +  where 0 = len([])">E   assert 0 &gt; 0
     +  where 0 = len([])</failure></testcase><testcase classname="tests.e2e.test_websocket" name="test_binance_stream" time="12.810" /><testcase classname="tests.integration.test_ai_analyzer_mock" name="test_ai_analyzer_mock_mode" time="4.844" /><testcase classname="tests.integration.test_ai_llm_fallback_flow" name="test_groq_json_validate_failed_generates_structured_fallback" time="0.039" /><testcase classname="tests.integration.test_ai_llm_fallback_flow" name="test_invalid_parser_output_generates_structured_fallback" time="0.017" /><testcase classname="tests.integration.test_ai_llm_fallback_flow" name="test_groq_uses_standard_prompt_instead_of_compressed" time="0.003" /><testcase classname="tests.integration.test_ai_llm_fallback_flow" name="test_groq_payload_summary_is_reduced" time="0.003" /><testcase classname="tests.integration.test_ai_llm_fallback_flow" name="test_structured_prompt_accepts_compact_payload_without_quant" time="0.003" /><testcase classname="tests.integration.test_ai_llm_fallback_flow" name="test_groq_openai_call_uses_response_format_when_supported" time="0.015" /><testcase classname="tests.integration.test_ai_llm_fallback_flow" name="test_groq_openai_call_falls_back_when_json_mode_is_rejected" time="0.005" /><testcase classname="tests.integration.test_ai_llm_fallback_flow" name="test_try_parse_json_dict_extracts_json_from_markdown_or_text" time="0.002" /><testcase classname="tests.integration.test_ai_llm_fallback_flow" name="test_groq_uses_higher_max_tokens_budget" time="0.002" /><testcase classname="tests.integration.test_ai_llm_fallback_flow" name="test_ai_analyze_ok_emitted_only_for_valid_json" time="0.028" /><testcase classname="tests.integration.test_ai_llm_fallback_flow" name="test_hybrid_decision_source_is_not_llm_when_llm_fails" time="0.010" /><testcase classname="tests.integration.test_ai_llm_fallback_flow" name="test_build_compact_payload_handles_missing_tf_and_vp_is_optional" time="0.004" /><testcase classname="tests.integration.test_ai_llm_fallback_flow" name="test_shutdown_is_idempotent" time="1.021" /><testcase classname="tests.integration.test_ai_llm_fallback_flow" name="test_oci_warning_message_has_correct_path_and_no_pleasee" time="0.002" /><testcase classname="tests.integration.test_ai_runner.TestAIRunner" name="test_ai_runner_initialization" time="0.006" /><testcase classname="tests.integration.test_ai_runner.TestAIRunner" name="test_ai_runner_initialization_default_model" time="0.008" /><testcase classname="tests.integration.test_ai_runner.TestAIRunner" name="test_analyze_with_ai" time="0.012" /><testcase classname="tests.integration.test_ai_runner.TestAIRunner" name="test_analyze_returns_valid_structure" time="0.002" /><testcase classname="tests.integration.test_ai_runner.TestAIRunner" name="test_analyze_fallback_structure" time="0.002" /><testcase classname="tests.integration.test_ai_runner.TestAIRunner" name="test_ai_runner_with_retry_success" time="1.008" /><testcase classname="tests.integration.test_ai_runner.TestAIRunner" name="test_ai_runner_with_retry_failure" time="3.009" /><testcase classname="tests.integration.test_ai_runner.TestAIRunner" name="test_ai_runner_parse_response_json" time="0.006" /><testcase classname="tests.integration.test_ai_runner.TestAIRunner" name="test_ai_runner_parse_response_text" time="0.009" /><testcase classname="tests.integration.test_ai_runner.TestAIRunner" name="test_ai_runner_parse_response_invalid" time="0.006" /><testcase classname="tests.integration.test_ai_runner.TestAIRunner" name="test_ai_analyzer_groq_connection" time="0.001" /><testcase classname="tests.integration.test_ai_runner.TestAIRunner" name="test_ai_analyzer_payload_validation" time="0.002" /><testcase classname="tests.integration.test_ai_runner.TestAIRunner" name="test_ai_analyzer_system_prompt_quality" time="0.001" /><testcase classname="tests.integration.test_ai_runner.TestAIRunner" name="test_payload_compressor_preserves_critical_data" time="0.006" /><testcase classname="tests.integration.test_ai_runner.TestAIRunner" name="test_ai_response_validation" time="0.002" /><testcase classname="tests.integration.test_ai_runner_comprehensive.TestAIRunnerComprehensive" name="test_initialization" time="0.002" /><testcase classname="tests.integration.test_ai_runner_comprehensive.TestAIRunnerComprehensive" name="test_initialization_without_api_key" time="0.001" /><testcase classname="tests.integration.test_ai_runner_comprehensive.TestAIRunnerComprehensive" name="test_config_validation" time="0.002" /><testcase classname="tests.integration.test_ai_runner_comprehensive.TestAIRunnerComprehensive" name="test_analyze_orderbook_success" time="0.008" /><testcase classname="tests.integration.test_ai_runner_comprehensive.TestAIRunnerComprehensive" name="test_analyze_orderbook_with_custom_instructions" time="0.007" /><testcase classname="tests.integration.test_ai_runner_comprehensive.TestAIRunnerComprehensive" name="test_analyze_orderbook_with_retry_success" time="1.010" /><testcase classname="tests.integration.test_ai_runner_comprehensive.TestAIRunnerComprehensive" name="test_analyze_orderbook_with_retry_failure" time="7.015" /><testcase classname="tests.integration.test_ai_runner_comprehensive.TestAIRunnerComprehensive" name="test_analyze_orderbook_rate_limited" time="0.006" /><testcase classname="tests.integration.test_ai_runner_comprehensive.TestAIRunnerComprehensive" name="test_analyze_orderbook_timeout" time="1.007" /><testcase classname="tests.integration.test_ai_runner_comprehensive.TestAIRunnerComprehensive" name="test_analyze_orderbook_circuit_breaker_open" time="0.006" /><testcase classname="tests.integration.test_ai_runner_comprehensive.TestAIRunnerComprehensive" name="test_prepare_prompt" time="0.007" /><testcase classname="tests.integration.test_ai_runner_comprehensive.TestAIRunnerComprehensive" name="test_prepare_prompt_with_minimal_data" time="0.005" /><testcase classname="tests.integration.test_ai_runner_comprehensive.TestAIRunnerComprehensive" name="test_parse_ai_response_valid_json" time="0.003" /><testcase classname="tests.integration.test_ai_runner_comprehensive.TestAIRunnerComprehensive" name="test_parse_ai_response_invalid_json" time="0.003" /><testcase classname="tests.integration.test_ai_runner_comprehensive.TestAIRunnerComprehensive" name="test_parse_ai_response_missing_fields" time="0.004" /><testcase classname="tests.integration.test_ai_runner_comprehensive.TestAIRunnerComprehensive" name="test_parse_ai_response_with_json_in_text" time="0.004" /><testcase classname="tests.integration.test_ai_runner_comprehensive.TestAIRunnerComprehensive" name="test_validate_signal" time="0.003" /><testcase classname="tests.integration.test_ai_runner_comprehensive.TestAIRunnerComprehensive" name="test_ai_runner_parse_response" time="0.002" /><testcase classname="tests.integration.test_ai_runner_comprehensive.TestAIRunnerComprehensive" name="test_batch_analysis" time="0.002" /><testcase classname="tests.integration.test_ai_runner_comprehensive.TestAIRunnerComprehensive" name="test_model_parameter_validation" time="0.003" /><testcase classname="tests.integration.test_ai_runner_comprehensive.TestAIRunnerComprehensive" name="test_streaming_analysis" time="0.009" /><testcase classname="tests.integration.test_ai_runner_comprehensive.TestAIRunnerComprehensive" name="test_streaming_analysis_error" time="0.010" /><testcase classname="tests.integration.test_ai_runner_comprehensive.TestAIRunnerComprehensive" name="test_cost_calculation" time="0.004" /><testcase classname="tests.integration.test_ai_runner_comprehensive.TestAIRunnerComprehensive" name="test_cache_mechanism" time="0.205" /><testcase classname="tests.integration.test_ai_runner_comprehensive.TestAIRunnerComprehensive" name="test_hash_orderbook_consistency" time="0.004" /><testcase classname="tests.integration.test_ai_runner_comprehensive.TestAIRunnerComprehensive" name="test_analyze_with_fallback_success" time="0.008" /><testcase classname="tests.integration.test_ai_runner_comprehensive.TestAIRunnerComprehensive" name="test_analyze_with_fallback_both_fail" time="0.008" /><testcase classname="tests.integration.test_ai_runner_comprehensive.TestAIRunnerComprehensive" name="test_analyze_with_fallback_no_fallback" time="0.008" /><testcase classname="tests.integration.test_ai_runner_comprehensive.TestAIRunnerComprehensive" name="test_prompt_template_management" time="0.003" /><testcase classname="tests.integration.test_ai_runner_comprehensive.TestAIRunnerComprehensive" name="test_get_performance_metrics_comprehensive" time="0.005" /><testcase classname="tests.integration.test_ai_runner_comprehensive.TestAIRunnerComprehensive" name="test_get_error_statistics" time="0.004" /><testcase classname="tests.integration.test_ai_runner_comprehensive.TestAIRunnerComprehensive" name="test_health_check" time="0.003" /><testcase classname="tests.integration.test_ai_runner_comprehensive.TestAIRunnerComprehensive" name="test_confidence_interpretation[0.95-VERY_HIGH]" time="0.004" /><testcase classname="tests.integration.test_ai_runner_comprehensive.TestAIRunnerComprehensive" name="test_confidence_interpretation[0.9-VERY_HIGH]" time="0.003" /><testcase classname="tests.integration.test_ai_runner_comprehensive.TestAIRunnerComprehensive" name="test_confidence_interpretation[0.85-HIGH]" time="0.004" /><testcase classname="tests.integration.test_ai_runner_comprehensive.TestAIRunnerComprehensive" name="test_confidence_interpretation[0.8-HIGH]" time="0.004" /><testcase classname="tests.integration.test_ai_runner_comprehensive.TestAIRunnerComprehensive" name="test_confidence_interpretation[0.75-HIGH]" time="0.003" /><testcase classname="tests.integration.test_ai_runner_comprehensive.TestAIRunnerComprehensive" name="test_confidence_interpretation[0.7-MEDIUM]" time="0.004" /><testcase classname="tests.integration.test_ai_runner_comprehensive.TestAIRunnerComprehensive" name="test_confidence_interpretation[0.65-MEDIUM]" time="0.005" /><testcase classname="tests.integration.test_ai_runner_comprehensive.TestAIRunnerComprehensive" name="test_confidence_interpretation[0.6-MEDIUM]" time="0.003" /><testcase classname="tests.integration.test_ai_runner_comprehensive.TestAIRunnerComprehensive" name="test_confidence_interpretation[0.55-LOW]" time="0.004" /><testcase classname="tests.integration.test_ai_runner_comprehensive.TestAIRunnerComprehensive" name="test_confidence_interpretation[0.5-LOW]" time="0.003" /><testcase classname="tests.integration.test_ai_runner_comprehensive.TestAIRunnerComprehensive" name="test_confidence_interpretation[0.45-LOW]" time="0.004" /><testcase classname="tests.integration.test_ai_runner_comprehensive.TestAIRunnerComprehensive" name="test_confidence_interpretation[0.4-LOW]" time="0.004" /><testcase classname="tests.integration.test_ai_runner_comprehensive.TestAIRunnerComprehensive" name="test_confidence_interpretation[0.35-VERY_LOW]" time="0.003" /><testcase classname="tests.integration.test_ai_runner_comprehensive.TestAIRunnerComprehensive" name="test_confidence_interpretation[0.2-VERY_LOW]" time="0.004" /><testcase classname="tests.integration.test_ai_runner_comprehensive.TestAIRunnerComprehensive" name="test_confidence_interpretation[1.0-VERY_HIGH]" time="0.004" /><testcase classname="tests.integration.test_ai_runner_comprehensive.TestAIRunnerComprehensive" name="test_confidence_interpretation[0.0-VERY_LOW]" time="0.003" /><testcase classname="tests.integration.test_ai_runner_comprehensive.TestAIRunnerComprehensive" name="test_switch_model" time="0.003" /><testcase classname="tests.integration.test_ai_runner_comprehensive.TestAIRunnerComprehensive" name="test_concurrent_requests_handling" time="0.015" /><testcase classname="tests.integration.test_ai_runner_comprehensive.TestAIRunnerComprehensive" name="test_circuit_breaker_logic" time="0.003" /><testcase classname="tests.integration.test_ai_runner_comprehensive.TestAIRunnerComprehensive" name="test_compress_for_context" time="0.009" /><testcase classname="tests.integration.test_ai_runner_comprehensive.TestAIRunnerComprehensive" name="test_generate_cache_key_consistency" time="0.003" /><testcase classname="tests.integration.test_ai_runner_comprehensive.TestAIRunnerComprehensive" name="test_error_handling_and_logging" time="0.009" /><testcase classname="tests.integration.test_ai_runner_comprehensive.TestAIRunnerComprehensive" name="test_performance_monitoring_under_load" time="0.006" /><testcase classname="tests.integration.test_ai_runner_comprehensive.TestAIRunnerComprehensive" name="test_comprehensive_integration_scenario" time="0.010" /><testcase classname="tests.integration.test_circuit_breaker_improvements" name="test_circuit_breaker_improvements" time="0.345" /><testcase classname="tests.integration.test_circuit_breaker_improvements" name="test_circuit_breaker_states" time="11.007" /><testcase classname="tests.integration.test_circuit_breaker_integration" name="test_circuit_breaker_integration" time="0.336" /><testcase classname="tests.integration.test_corrections" name="test_event_store_creates_signal_outcomes" time="0.143" /><testcase classname="tests.integration.test_corrections" name="test_existing_db_gets_signal_outcomes" time="0.152" /><testcase classname="tests.integration.test_corrections" name="test_outcome_tracker_with_event_store_db" time="0.175" /><testcase classname="tests.integration.test_corrections" name="test_onchain_metrics_in_background_thread" time="0.005" /><testcase classname="tests.integration.test_corrections" name="test_asyncio_get_running_loop_behavior" time="0.006" /><testcase classname="tests.integration.test_corrections" name="test_production_db_has_signal_outcomes" time="0.003" /><testcase classname="tests.integration.test_cross_asset_integration" name="test_ml_features_cross_asset" time="0.041" /><testcase classname="tests.integration.test_cross_asset_integration" name="test_ai_payload_cross_asset" time="0.049" /><testcase classname="tests.integration.test_cross_asset_integration" name="test_event_workflow" time="0.063" /><testcase classname="tests.integration.test_data_pipeline" name="test_pipeline_initialization" time="0.011" /><testcase classname="tests.integration.test_data_pipeline" name="test_pipeline_insufficient_data" time="0.012" /><testcase classname="tests.integration.test_data_pipeline" name="test_pipeline_empty_data" time="0.006" /><testcase classname="tests.integration.test_data_pipeline" name="test_enrich_metrics" time="0.015" /><testcase classname="tests.integration.test_data_pipeline" name="test_add_context" time="0.017" /><testcase classname="tests.integration.test_data_pipeline" name="test_detect_signals" time="0.018" /><testcase classname="tests.integration.test_data_pipeline" name="test_extract_features_success" time="0.010" /><testcase classname="tests.integration.test_data_pipeline" name="test_extract_features_missing_module" time="0.010" /><testcase classname="tests.integration.test_data_pipeline" name="test_enrich_fallback_on_error" time="0.012" /><testcase classname="tests.integration.test_data_pipeline" name="test_get_final_features_integration" time="0.028" /><testcase classname="tests.integration.test_dynamic_volume_profile_2" name="test_poc_calculation" time="0.012" /><testcase classname="tests.integration.test_dynamic_volume_profile_2" name="test_volume_profile_creation" time="0.010" /><testcase classname="tests.integration.test_dynamic_volume_profile_2" name="test_empty_dataframe" time="0.003" /><testcase classname="tests.integration.test_enhanced_cross_asset.TestEnhancedCrossAsset" name="test_correlation_regime_calculation" time="0.003" /><testcase classname="tests.integration.test_enhanced_cross_asset.TestEnhancedCrossAsset" name="test_enhanced_correlations_structure" time="3.277" /><testcase classname="tests.integration.test_enhanced_cross_asset.TestEnhancedCrossAsset" name="test_vix_data_structure" time="0.005" /><testcase classname="tests.integration.test_enhanced_cross_asset.TestEnhancedCrossAsset" name="test_vix_metrics_calculation" time="0.004" /><testcase classname="tests.integration.test_enhanced_cross_asset.TestEnhancedCrossAsset" name="test_treasury_yields_calculation" time="0.006" /><testcase classname="tests.integration.test_enhanced_cross_asset.TestEnhancedCrossAsset" name="test_macro_regime_calculation" time="0.003" /><testcase classname="tests.integration.test_enhanced_cross_asset.TestEnhancedCrossAsset" name="test_commodities_data_structure" time="0.005" /><testcase classname="tests.integration.test_enhanced_cross_asset.TestEnhancedCrossAsset" name="test_ml_features_integration" time="0.003" /><testcase classname="tests.integration.test_enhanced_cross_asset.TestEnhancedCrossAsset" name="test_enhanced_features_count" time="0.003" /><testcase classname="tests.integration.test_enhanced_cross_asset.TestEnhancedCrossAsset" name="test_error_handling" time="3.461" /><testcase classname="tests.integration.test_enhanced_cross_asset.TestEnhancedCrossAsset" name="test_fallback_behavior" time="0.005" /><testcase classname="tests.integration.test_enrich_correction" name="test_enrich_function_directly" time="0.009" /><testcase classname="tests.integration.test_enrich_correction" name="test_pipeline_integration" time="0.038" /><testcase classname="tests.integration.test_enrich_correction" name="test_enrichment_integrator" time="0.008" /><testcase classname="tests.integration.test_enrich_signal" name="test_enrich_signal_happy_path" time="0.010" /><testcase classname="tests.integration.test_enrich_signal" name="test_enrich_signal_discarded_when_validator_returns_empty" time="0.007" /><testcase classname="tests.integration.test_enrich_simple" name="test_enrich_function" time="0.021" /><testcase classname="tests.integration.test_event_saver_jsonl_guardian" name="test_jsonl_guardian_trims_analysis_trigger[200]" time="0.027" /><testcase classname="tests.integration.test_event_saver_jsonl_guardian" name="test_jsonl_guardian_trims_analysis_trigger[500]" time="0.012" /><testcase classname="tests.integration.test_fix_optimization_storage" name="test_clean_event_removes_large_fields_recursively" time="0.003" /><testcase classname="tests.integration.test_fix_optimization_storage" name="test_simplify_historical_vp_keeps_only_expected_fields" time="0.002" /><testcase classname="tests.integration.test_fix_optimization_storage" name="test_remove_enriched_snapshot_removes_anywhere" time="0.002" /><testcase classname="tests.integration.test_fixes_simple" name="test_singleton_pattern" time="0.002" /><testcase classname="tests.integration.test_fixes_simple" name="test_cache_system" time="0.003" /><testcase classname="tests.integration.test_fixes_simple" name="test_async_bridge" time="0.004" /><testcase classname="tests.integration.test_fixes_simple" name="test_macro_service" time="0.003" /><testcase classname="tests.integration.test_fixes_simple" name="test_orderbook_timestamp_fix" time="0.006" /><testcase classname="tests.integration.test_fixes_simple_fixed" name="test_singleton_pattern" time="0.003" /><testcase classname="tests.integration.test_fixes_simple_fixed" name="test_cache_system" time="0.003" /><testcase classname="tests.integration.test_fixes_simple_fixed" name="test_async_bridge" time="0.004" /><testcase classname="tests.integration.test_fixes_simple_fixed" name="test_macro_service" time="0.003" /><testcase classname="tests.integration.test_fixes_simple_fixed" name="test_orderbook_timestamp_fix" time="0.008" /><testcase classname="tests.integration.test_institutional_alerts" name="test_process_institutional_alerts_happy_path" time="0.005" /><testcase classname="tests.integration.test_institutional_alerts" name="test_process_institutional_alerts_respects_cooldown" time="0.004" /><testcase classname="tests.integration.test_integrated_macro_provider" name="test_macro_provider_integration" time="2.986" /><testcase classname="tests.integration.test_integration_full_flow.TestFullTradingFlow" name="test_complete_trade_signal_flow" time="0.009" /><testcase classname="tests.integration.test_integration_full_flow.TestFullTradingFlow" name="test_flow_with_risk_rejection" time="0.009" /><testcase classname="tests.integration.test_integration_full_flow.TestFullTradingFlow" name="test_flow_with_execution_failure" time="0.009" /><testcase classname="tests.integration.test_integration_full_flow.TestFullTradingFlow" name="test_concurrent_market_data_processing" time="0.033" /><testcase classname="tests.integration.test_integration_full_flow.TestFullTradingFlow" name="test_system_health_monitoring" time="0.007" /><testcase classname="tests.integration.test_integration_full_flow.TestFullTradingFlow" name="test_endurance_test" time="0.011" /><testcase classname="tests.integration.test_invariant_fix" name="test_invariant_fix" time="0.025" /><testcase classname="tests.integration.test_latency_fix_simple" name="test_buffer_size_control" time="0.004" /><testcase classname="tests.integration.test_latency_fix_simple" name="test_processing_performance" time="0.043" /><testcase classname="tests.integration.test_latency_fix_simple" name="test_latency_simulation" time="0.003" /><testcase classname="tests.integration.test_latency_fix_simple" name="test_buffer_metrics" time="0.004" /><testcase classname="tests.integration.test_macro_data_provider" name="test_treasury_10y_fallback_hierarchy" time="0.002" /><testcase classname="tests.integration.test_macro_data_provider" name="test_treasury_10y_twelve_data_success" time="0.017" /><testcase classname="tests.integration.test_macro_data_provider" name="test_treasury_10y_twelve_data_fallback_to_yahoo" time="0.017" /><testcase classname="tests.integration.test_macro_data_provider" name="test_treasury_10y_cache_fallback" time="0.017" /><testcase classname="tests.integration.test_macro_data_provider" name="test_treasury_10y_no_cache_no_apis" time="0.018" /><testcase classname="tests.integration.test_macro_data_provider" name="test_treasury_10y_cache_management" time="0.004" /><testcase classname="tests.integration.test_macro_data_provider" name="test_dxy_yahoo_finance_success" time="0.012" /><testcase classname="tests.integration.test_macro_data_provider" name="test_dxy_cache_fallback" time="0.015" /><testcase classname="tests.integration.test_macro_data_provider" name="test_dxy_no_cache_no_api" time="0.013" /><testcase classname="tests.integration.test_macro_data_provider" name="test_dxy_does_not_fallback_to_uup" time="0.013" /><testcase classname="tests.integration.test_macro_singleton_fix" name="test_singleton_behavior" time="0.444" /><testcase classname="tests.integration.test_macro_singleton_fix" name="test_multiple_calls" time="0.005" /><testcase classname="tests.integration.test_optimization" name="test_optimization_reduces_size" time="0.007" /><testcase classname="tests.integration.test_optimization" name="test_critical_fields_preserved" time="0.007" /><testcase classname="tests.integration.test_optimization" name="test_unnecessary_fields_removed" time="0.008" /><testcase classname="tests.integration.test_optimization" name="test_ai_payload_structure_and_size" time="0.004" /><testcase classname="tests.integration.test_orderbook_analyze_core" name="test_analyze_with_external_valid_snapshot" time="0.008" /><testcase classname="tests.integration.test_orderbook_analyze_core" name="test_analyze_with_partial_snapshot_rejected" time="0.007" /><testcase classname="tests.integration.test_orderbook_analyze_core" name="test_analyze_when_fetch_fails_returns_invalid" time="0.006" /><testcase classname="tests.integration.test_orderbook_analyze_core" name="test_analyze_uses_cache_on_second_call" time="0.011" /><testcase classname="tests.integration.test_orderbook_analyzer_comprehensive.TestOrderBookAnalyzerComprehensive" name="test_initialization_with_valid_config" time="0.002" /><testcase classname="tests.integration.test_orderbook_analyzer_comprehensive.TestOrderBookAnalyzerComprehensive" name="test_initialization_with_invalid_config" time="0.002" /><testcase classname="tests.integration.test_orderbook_analyzer_comprehensive.TestOrderBookAnalyzerComprehensive" name="test_process_orderbook_update_success" time="0.002" /><testcase classname="tests.integration.test_orderbook_analyzer_comprehensive.TestOrderBookAnalyzerComprehensive" name="test_process_orderbook_update_with_malformed_data" time="0.002" /><testcase classname="tests.integration.test_orderbook_analyzer_comprehensive.TestOrderBookAnalyzerComprehensive" name="test_calculate_metrics_basic" time="0.002" /><testcase classname="tests.integration.test_orderbook_analyzer_comprehensive.TestOrderBookAnalyzerComprehensive" name="test_calculate_advanced_metrics" time="0.003" /><testcase classname="tests.integration.test_orderbook_analyzer_comprehensive.TestOrderBookAnalyzerComprehensive" name="test_analyze_with_ai_success" time="0.005" /><testcase classname="tests.integration.test_orderbook_analyzer_comprehensive.TestOrderBookAnalyzerComprehensive" name="test_analyze_with_ai_failure" time="0.007" /><testcase classname="tests.integration.test_orderbook_analyzer_comprehensive.TestOrderBookAnalyzerComprehensive" name="test_detect_market_manipulation" time="0.002" /><testcase classname="tests.integration.test_orderbook_analyzer_comprehensive.TestOrderBookAnalyzerComprehensive" name="test_volume_profile_analysis" time="0.002" /><testcase classname="tests.integration.test_orderbook_analyzer_comprehensive.TestOrderBookAnalyzerComprehensive" name="test_order_flow_analysis" time="0.002" /><testcase classname="tests.integration.test_orderbook_analyzer_comprehensive.TestOrderBookAnalyzerComprehensive" name="test_market_depth_analysis" time="0.002" /><testcase classname="tests.integration.test_orderbook_analyzer_comprehensive.TestOrderBookAnalyzerComprehensive" name="test_technical_indicators" time="0.003" /><testcase classname="tests.integration.test_orderbook_analyzer_comprehensive.TestOrderBookAnalyzerComprehensive" name="test_calculate_position_risk" time="0.002" /><testcase classname="tests.integration.test_orderbook_analyzer_comprehensive.TestOrderBookAnalyzerComprehensive" name="test_detect_market_regime" time="0.005" /><testcase classname="tests.integration.test_orderbook_analyzer_comprehensive.TestOrderBookAnalyzerComprehensive" name="test_generate_trading_signal" time="0.002" /><testcase classname="tests.integration.test_orderbook_analyzer_comprehensive.TestOrderBookAnalyzerComprehensive" name="test_benchmark_performance" time="0.002" /><testcase classname="tests.integration.test_orderbook_analyzer_comprehensive.TestOrderBookAnalyzerComprehensive" name="test_async_analysis" time="0.016" /><testcase classname="tests.integration.test_orderbook_analyzer_comprehensive.TestOrderBookAnalyzerComprehensive" name="test_error_handling_and_recovery" time="0.002" /><testcase classname="tests.integration.test_orderbook_analyzer_comprehensive.TestOrderBookAnalyzerComprehensive" name="test_memory_management" time="0.002" /><testcase classname="tests.integration.test_orderbook_analyzer_comprehensive.TestOrderBookAnalyzerComprehensive" name="test_configuration_validation" time="0.002" /><testcase classname="tests.integration.test_orderbook_analyzer_comprehensive.TestOrderBookAnalyzerComprehensive" name="test_serialization_deserialization" time="0.002" /><testcase classname="tests.integration.test_orderbook_analyzer_comprehensive.TestOrderBookAnalyzerComprehensive" name="test_imbalance_based_signals[0.8-STRONG_BUY]" time="0.003" /><testcase classname="tests.integration.test_orderbook_analyzer_comprehensive.TestOrderBookAnalyzerComprehensive" name="test_imbalance_based_signals[0.6-BUY]" time="0.003" /><testcase classname="tests.integration.test_orderbook_analyzer_comprehensive.TestOrderBookAnalyzerComprehensive" name="test_imbalance_based_signals[0.2-NEUTRAL]" time="0.003" /><testcase classname="tests.integration.test_orderbook_analyzer_comprehensive.TestOrderBookAnalyzerComprehensive" name="test_imbalance_based_signals[-0.2-NEUTRAL]" time="0.003" /><testcase classname="tests.integration.test_orderbook_analyzer_comprehensive.TestOrderBookAnalyzerComprehensive" name="test_imbalance_based_signals[-0.6-SELL]" time="0.003" /><testcase classname="tests.integration.test_orderbook_analyzer_comprehensive.TestOrderBookAnalyzerComprehensive" name="test_imbalance_based_signals[-0.8-STRONG_SELL]" time="0.003" /><testcase classname="tests.integration.test_orderbook_analyzer_comprehensive.TestOrderBookAnalyzerComprehensive" name="test_concurrent_access_safety" time="0.007" /><testcase classname="tests.integration.test_orderbook_analyzer_comprehensive.TestOrderBookAnalyzerComprehensive" name="test_edge_cases_and_boundary_conditions" time="0.003" /><testcase classname="tests.integration.test_orderbook_analyzer_comprehensive.TestOrderBookAnalyzerComprehensive" name="test_metric_history_tracking" time="0.002" /><testcase classname="tests.integration.test_orderbook_analyzer_comprehensive.TestOrderBookAnalyzerComprehensive" name="test_price_history_accuracy" time="0.002" /><testcase classname="tests.integration.test_orderbook_analyzer_comprehensive.TestOrderBookAnalyzerComprehensive" name="test_analyzer_lifecycle" time="0.002" /><testcase classname="tests.integration.test_orderbook_analyzer_comprehensive.TestOrderBookAnalyzerComprehensive" name="test_configuration_persistence" time="0.001" /><testcase classname="tests.integration.test_orderbook_analyzer_comprehensive.TestOrderBookAnalyzerComprehensive" name="test_technical_indicators_with_real_ta" time="0.001"><skipped type="pytest.skip" message="TA library not available">C:\Users\Micro\Documents\Visual Studio\robo_sistema.binace.api\tests\integration\test_orderbook_analyzer_comprehensive.py:906: TA library not available</skipped></testcase><testcase classname="tests.integration.test_orderbook_analyzer_comprehensive.TestOrderBookAnalyzerComprehensive" name="test_comprehensive_integration" time="0.003" /><testcase classname="tests.integration.test_orderbook_analyzer_coverage" name="test_analyzer_init_default_params" time="0.002" /><testcase classname="tests.integration.test_orderbook_analyzer_coverage" name="test_analyzer_init_custom_params" time="0.003" /><testcase classname="tests.integration.test_orderbook_analyzer_coverage" name="test_cache_operations_expiry" time="0.153" /><testcase classname="tests.integration.test_orderbook_analyzer_coverage" name="test_cache_operations_stale" time="0.153" /><testcase classname="tests.integration.test_orderbook_analyzer_coverage" name="test_rate_limiter_with_time_window" time="0.002" /><testcase classname="tests.integration.test_orderbook_analyzer_coverage" name="test_validate_snapshot_method" time="0.002" /><testcase classname="tests.integration.test_orderbook_analyzer_coverage" name="test_detect_walls_method" time="0.003" /><testcase classname="tests.integration.test_orderbook_analyzer_coverage" name="test_compute_core_metrics_method" time="0.002" /><testcase classname="tests.integration.test_orderbook_analyzer_coverage" name="test_check_liquidity_flow_method" time="0.002" /><testcase classname="tests.integration.test_orderbook_analyzer_coverage" name="test_generate_alert_payload" time="0.002" /><testcase classname="tests.integration.test_orderbook_analyzer_coverage" name="test_analyze_orderbook_with_cache_hit" time="0.008" /><testcase classname="tests.integration.test_orderbook_analyzer_coverage" name="test_analyze_orderbook_with_cache_miss" time="0.011" /><testcase classname="tests.integration.test_orderbook_analyzer_coverage" name="test_analyze_orderbook_with_forced_refresh" time="0.011" /><testcase classname="tests.integration.test_orderbook_analyzer_coverage" name="test_analyze_orderbook_with_alert" time="0.008" /><testcase classname="tests.integration.test_orderbook_analyzer_coverage" name="test_analyze_orderbook_with_critical_imbalance" time="0.006" /><testcase classname="tests.integration.test_orderbook_analyzer_coverage" name="test_analyze_orderbook_with_mock_time" time="0.008" /><testcase classname="tests.integration.test_orderbook_analyzer_coverage" name="test_analyze_orderbook_invalid_snapshot" time="0.343" /><testcase classname="tests.integration.test_orderbook_analyzer_full_coverage" name="test_cache_key_generation" time="0.003" /><testcase classname="tests.integration.test_orderbook_analyzer_full_coverage" name="test_cache_cleanup" time="0.604" /><testcase classname="tests.integration.test_orderbook_analyzer_full_coverage" name="test_validate_snapshot_comprehensive" time="0.002" /><testcase classname="tests.integration.test_orderbook_analyzer_full_coverage" name="test_detect_walls_edge_cases" time="0.004" /><testcase classname="tests.integration.test_orderbook_analyzer_full_coverage" name="test_compute_core_metrics_comprehensive" time="0.003" /><testcase classname="tests.integration.test_orderbook_analyzer_full_coverage" name="test_calculate_market_impact" time="0.004" /><testcase classname="tests.integration.test_orderbook_analyzer_full_coverage" name="test_check_liquidity_flow_variations" time="0.004" /><testcase classname="tests.integration.test_orderbook_analyzer_full_coverage" name="test_check_critical_imbalance_detailed" time="0.003" /><testcase classname="tests.integration.test_orderbook_analyzer_full_coverage" name="test_analyze_orderbook_error_handling" time="0.338" /><testcase classname="tests.integration.test_orderbook_analyzer_full_coverage" name="test_analyze_orderbook_with_all_features" time="0.011" /><testcase classname="tests.integration.test_orderbook_analyzer_full_coverage" name="test_analyze_orderbook_performance" time="0.010" /><testcase classname="tests.integration.test_orderbook_analyzer_full_coverage" name="test_get_health_status" time="0.002" /><testcase classname="tests.integration.test_orderbook_analyzer_full_coverage" name="test_clear_cache" time="0.003" /><testcase classname="tests.integration.test_orderbook_analyzer_full_coverage" name="test_real_world_scenario_binance_snapshot" time="0.007" /><testcase classname="tests.integration.test_orderbook_analyzer_full_coverage" name="test_sequential_analysis_with_changing_data" time="0.023" /><testcase classname="tests.integration.test_orderbook_analyzer_missing" name="test_analyzer_initialization_with_custom_params" time="0.003" /><testcase classname="tests.integration.test_orderbook_analyzer_missing" name="test_analyzer_with_invalid_symbol" time="0.003" /><testcase classname="tests.integration.test_orderbook_analyzer_missing" name="test_calculate_metrics_empty_orderbook" time="0.002" /><testcase classname="tests.integration.test_orderbook_analyzer_missing" name="test_calculate_metrics_partial_orderbook" time="0.003" /><testcase classname="tests.integration.test_orderbook_analyzer_missing" name="test_detect_liquidity_walls_edge_cases" time="0.002" /><testcase classname="tests.integration.test_orderbook_analyzer_missing" name="test_check_critical_imbalance" time="0.002" /><testcase classname="tests.integration.test_orderbook_analyzer_missing" name="test_cache_operations" time="1.503" /><testcase classname="tests.integration.test_orderbook_analyzer_missing" name="test_rate_limiter" time="0.003" /><testcase classname="tests.integration.test_orderbook_analyzer_missing" name="test_validate_orderbook_snapshot" time="0.002" /><testcase classname="tests.integration.test_orderbook_config_injection" name="test_analyzer_uses_custom_cfg_basic" time="0.007" /><testcase classname="tests.integration.test_orderbook_config_injection" name="test_validate_snapshot_respects_cfg_min_depth" time="0.005" /><testcase classname="tests.integration.test_orderbook_core_comprehensive.TestOrderBookComprehensive" name="test_initialization" time="0.002" /><testcase classname="tests.integration.test_orderbook_core_comprehensive.TestOrderBookComprehensive" name="test_update_with_valid_data" time="0.002" /><testcase classname="tests.integration.test_orderbook_core_comprehensive.TestOrderBookComprehensive" name="test_update_with_invalid_sequence" time="0.002" /><testcase classname="tests.integration.test_orderbook_core_comprehensive.TestOrderBookComprehensive" name="test_update_with_missing_prices" time="0.003" /><testcase classname="tests.integration.test_orderbook_core_comprehensive.TestOrderBookComprehensive" name="test_get_best_bid_ask" time="0.002" /><testcase classname="tests.integration.test_orderbook_core_comprehensive.TestOrderBookComprehensive" name="test_get_spread_edge_cases" time="0.003" /><testcase classname="tests.integration.test_orderbook_core_comprehensive.TestOrderBookComprehensive" name="test_get_mid_price" time="0.002" /><testcase classname="tests.integration.test_orderbook_core_comprehensive.TestOrderBookComprehensive" name="test_get_volume_at_price" time="0.003" /><testcase classname="tests.integration.test_orderbook_core_comprehensive.TestOrderBookComprehensive" name="test_get_total_volume" time="0.003" /><testcase classname="tests.integration.test_orderbook_core_comprehensive.TestOrderBookComprehensive" name="test_get_imbalance" time="0.003" /><testcase classname="tests.integration.test_orderbook_core_comprehensive.TestOrderBookComprehensive" name="test_get_weighted_average_price" time="0.002" /><testcase classname="tests.integration.test_orderbook_core_comprehensive.TestOrderBookComprehensive" name="test_get_price_levels" time="0.002" /><testcase classname="tests.integration.test_orderbook_core_comprehensive.TestOrderBookComprehensive" name="test_snapshot_creation" time="0.003" /><testcase classname="tests.integration.test_orderbook_core_comprehensive.TestOrderBookComprehensive" name="test_snapshot_validation" time="0.003" /><testcase classname="tests.integration.test_orderbook_core_comprehensive.TestOrderBookComprehensive" name="test_snapshot_age_check" time="0.002" /><testcase classname="tests.integration.test_orderbook_core_comprehensive.TestOrderBookComprehensive" name="test_snapshot_json_serialization" time="0.002" /><testcase classname="tests.integration.test_orderbook_core_comprehensive.TestOrderBookComprehensive" name="test_reset_orderbook" time="0.003" /><testcase classname="tests.integration.test_orderbook_core_comprehensive.TestOrderBookComprehensive" name="test_max_depth_enforcement" time="0.006" /><testcase classname="tests.integration.test_orderbook_core_comprehensive.TestOrderBookComprehensive" name="test_concurrent_updates" time="0.017" /><testcase classname="tests.integration.test_orderbook_core_comprehensive.TestOrderBookComprehensive" name="test_performance_benchmark" time="0.040" /><testcase classname="tests.integration.test_orderbook_core_comprehensive.TestOrderBookComprehensive" name="test_memory_efficiency" time="0.016" /><testcase classname="tests.integration.test_orderbook_core_comprehensive.TestOrderBookComprehensive" name="test_circuit_breaker_integration" time="0.002" /><testcase classname="tests.integration.test_orderbook_core_comprehensive.TestOrderBookComprehensive" name="test_error_handling" time="0.002" /><testcase classname="tests.integration.test_orderbook_core_comprehensive.TestOrderBookComprehensive" name="test_decimal_precision_handling" time="0.002" /><testcase classname="tests.integration.test_orderbook_core_comprehensive.TestOrderBookComprehensive" name="test_validation_edge_cases[50000.0-1.0-True]" time="0.003" /><testcase classname="tests.integration.test_orderbook_core_comprehensive.TestOrderBookComprehensive" name="test_validation_edge_cases[1e-06-1.0-True]" time="0.002" /><testcase classname="tests.integration.test_orderbook_core_comprehensive.TestOrderBookComprehensive" name="test_validation_edge_cases[50000.0-1e-06-True]" time="0.003" /><testcase classname="tests.integration.test_orderbook_core_comprehensive.TestOrderBookComprehensive" name="test_validation_edge_cases[0.0-1.0-False]" time="0.004" /><testcase classname="tests.integration.test_orderbook_core_comprehensive.TestOrderBookComprehensive" name="test_validation_edge_cases[50000.0-0.0-False]" time="0.004" /><testcase classname="tests.integration.test_orderbook_core_comprehensive.TestOrderBookComprehensive" name="test_validation_edge_cases[-50000.0-1.0-False]" time="0.003" /><testcase classname="tests.integration.test_orderbook_core_comprehensive.TestOrderBookComprehensive" name="test_validation_edge_cases[50000.0--1.0-False]" time="0.002" /><testcase classname="tests.integration.test_orderbook_core_comprehensive.TestOrderBookComprehensive" name="test_validation_edge_cases[inf-1.0-False]" time="0.003" /><testcase classname="tests.integration.test_orderbook_core_comprehensive.TestOrderBookComprehensive" name="test_validation_edge_cases[50000.0-inf-False]" time="0.002" /><testcase classname="tests.integration.test_orderbook_core_comprehensive.TestOrderBookComprehensive" name="test_validation_edge_cases[nan-1.0-False]" time="0.002" /><testcase classname="tests.integration.test_orderbook_core_comprehensive.TestOrderBookComprehensive" name="test_validation_edge_cases[50000.0-nan-False]" time="0.003" /><testcase classname="tests.integration.test_orderbook_core_comprehensive.TestOrderBookComprehensive" name="test_state_consistency_after_errors" time="0.002" /><testcase classname="tests.integration.test_orderbook_core_comprehensive.TestOrderBookComprehensive" name="test_cleanup_old_orders" time="0.021" /><testcase classname="tests.integration.test_orderbook_core_comprehensive.TestOrderBookComprehensive" name="test_custom_sorting_logic" time="0.002" /><testcase classname="tests.integration.test_orderbook_core_comprehensive.TestOrderBookComprehensive" name="test_get_statistics_comprehensive" time="0.004" /><testcase classname="tests.integration.test_orderbook_core_comprehensive.TestOrderBookComprehensive" name="test_liquidity_profile_analysis" time="0.003" /><testcase classname="tests.integration.test_orderbook_core_comprehensive.TestOrderBookComprehensive" name="test_market_impact_analysis" time="0.003" /><testcase classname="tests.integration.test_orderbook_core_comprehensive.TestOrderBookComprehensive" name="test_order_simulation" time="0.003" /><testcase classname="tests.integration.test_orderbook_core_comprehensive.TestOrderBookComprehensive" name="test_order_execution_updates_orderbook" time="0.002" /><testcase classname="tests.integration.test_orderbook_core_comprehensive.TestOrderBookComprehensive" name="test_high_frequency_updates" time="0.025" /><testcase classname="tests.integration.test_orderbook_core_comprehensive.TestOrderBookComprehensive" name="test_thread_safety_stress_test" time="0.036" /><testcase classname="tests.integration.test_orderbook_core_comprehensive.TestOrderBookComprehensive" name="test_memory_cleanup_on_reset" time="0.212" /><testcase classname="tests.integration.test_orderbook_core_comprehensive.TestOrderBookComprehensive" name="test_robustness_to_malformed_updates" time="0.003" /><testcase classname="tests.integration.test_orderbook_core_comprehensive.TestOrderBookComprehensive" name="test_comprehensive_integration_scenario" time="0.004" /><testcase classname="tests.integration.test_orderbook_wrapper_fallback" name="test_orderbook_fallback_cache_and_deepcopy" time="0.003" /><testcase classname="tests.integration.test_orderbook_wrapper_fallback" name="test_orderbook_fallback_emergency_when_no_cache" time="0.003" /><testcase classname="tests.integration.test_orderbook_wrapper_fallback" name="test_orderbook_fallback_invalid_when_emergency_disabled" time="0.003" /><testcase classname="tests.integration.test_orderbook_wrapper_fetch_with_retry" name="test_fetch_orderbook_with_retry_saves_success" time="0.003" /><testcase classname="tests.integration.test_out_of_order_pruning.TestOutOfOrderPruning" name="test_initial_state" time="0.004" /><testcase classname="tests.integration.test_out_of_order_pruning.TestOutOfOrderPruning" name="test_sequential_trades_no_out_of_order" time="0.006" /><testcase classname="tests.integration.test_out_of_order_pruning.TestOutOfOrderPruning" name="test_out_of_order_detection" time="0.005" /><testcase classname="tests.integration.test_out_of_order_pruning.TestOutOfOrderPruning" name="test_all_trades_stored_despite_ooo" time="0.005" /><testcase classname="tests.integration.test_out_of_order_pruning.TestOutOfOrderPruning" name="test_pruning_robustness_with_ooo" time="0.004" /><testcase classname="tests.integration.test_out_of_order_pruning.TestOutOfOrderPruning" name="test_pruning_fast_path_when_ordered" time="0.005" /><testcase classname="tests.integration.test_out_of_order_pruning.TestOutOfOrderPruning" name="test_pruning_removes_all_old" time="0.004" /><testcase classname="tests.integration.test_out_of_order_pruning.TestOutOfOrderPruning" name="test_pruning_keeps_all_recent" time="0.004" /><testcase classname="tests.integration.test_out_of_order_pruning.TestOutOfOrderPruning" name="test_cache_degradation_on_ooo" time="0.004" /><testcase classname="tests.integration.test_out_of_order_pruning.TestEdgeCases" name="test_empty_prune" time="0.002" /><testcase classname="tests.integration.test_out_of_order_pruning.TestEdgeCases" name="test_single_trade_prune_keep" time="0.003" /><testcase classname="tests.integration.test_out_of_order_pruning.TestEdgeCases" name="test_single_trade_prune_remove" time="0.002" /><testcase classname="tests.integration.test_out_of_order_pruning.TestEdgeCases" name="test_same_timestamp_trades" time="0.005" /><testcase classname="tests.integration.test_out_of_order_pruning.TestEdgeCases" name="test_trades_at_cutoff_boundary" time="0.003" /><testcase classname="tests.integration.test_out_of_order_pruning.TestCVDAfterOOO" name="test_cvd_correct_with_ooo_trades" time="0.004" /><testcase classname="tests.integration.test_out_of_order_pruning.TestCVDAfterOOO" name="test_cvd_correct_after_pruning" time="0.004" /><testcase classname="tests.integration.test_patch_2_fallback_controlado.TestPatch2FallbackControlado" name="test_patch_2_groq_fail_com_fallback_openai" time="1.035" /><testcase classname="tests.integration.test_patch_2_fallback_controlado.TestPatch2FallbackControlado" name="test_patch_2_groq_fail_sem_fallback_vai_para_mock" time="0.432" /><testcase classname="tests.integration.test_patch_2_fallback_controlado.TestPatch2FallbackControlado" name="test_patch_2_groq_funciona_normal" time="0.461" /><testcase classname="tests.integration.test_patch_2_fallback_controlado.TestPatch2FallbackControlado" name="test_patch_2_multiple_fallbacks" time="0.915" /><testcase classname="tests.integration.test_patch_2_fallback_controlado.TestPatch2FallbackControlado" name="test_patch_2_provider_nao_groq_vai_para_openai" time="0.451" /><testcase classname="tests.integration.test_patch_2_simples" name="test_patch_2_configuracao" time="0.009" /><testcase classname="tests.integration.test_pipeline_integration" name="test_pipeline_ml_features" time="0.082" /><testcase classname="tests.integration.test_pipeline_integration" name="test_analysis_trigger_structure" time="0.042" /><testcase classname="tests.integration.test_regime_integration" name="test_regime_rules_initialization" time="0.002" /><testcase classname="tests.integration.test_regime_integration" name="test_get_regime_adjustment_risk_on_low_vol" time="0.002" /><testcase classname="tests.integration.test_regime_integration" name="test_get_regime_adjustment_risk_off_high_vol" time="0.002" /><testcase classname="tests.integration.test_regime_integration" name="test_should_trade_blocked_by_regime" time="0.001" /><testcase classname="tests.integration.test_regime_integration" name="test_should_trade_allowed" time="0.001" /><testcase classname="tests.integration.test_regime_integration" name="test_calculate_position_size" time="0.002" /><testcase classname="tests.integration.test_regime_integration" name="test_calculate_stop_loss" time="0.002" /><testcase classname="tests.integration.test_regime_integration" name="test_calculate_take_profit" time="0.002" /><testcase classname="tests.integration.test_regime_integration" name="test_get_trade_recommendation" time="0.001" /><testcase classname="tests.integration.test_regime_integration" name="test_format_regime_summary" time="0.001" /><testcase classname="tests.integration.test_risk_manager_comprehensive.TestRiskManagerComprehensive" name="test_initialization" time="0.002" /><testcase classname="tests.integration.test_risk_manager_comprehensive.TestRiskManagerComprehensive" name="test_add_position" time="0.003" /><testcase classname="tests.integration.test_risk_manager_comprehensive.TestRiskManagerComprehensive" name="test_update_position" time="0.003" /><testcase classname="tests.integration.test_risk_manager_comprehensive.TestRiskManagerComprehensive" name="test_remove_position" time="0.003" /><testcase classname="tests.integration.test_risk_manager_comprehensive.TestRiskManagerComprehensive" name="test_check_trade_request_approved" time="0.003" /><testcase classname="tests.integration.test_risk_manager_comprehensive.TestRiskManagerComprehensive" name="test_check_trade_request_position_limit" time="0.003" /><testcase classname="tests.integration.test_risk_manager_comprehensive.TestRiskManagerComprehensive" name="test_check_trade_request_size_limit" time="0.002" /><testcase classname="tests.integration.test_risk_manager_comprehensive.TestRiskManagerComprehensive" name="test_check_trade_request_daily_loss_limit" time="0.003" /><testcase classname="tests.integration.test_risk_manager_comprehensive.TestRiskManagerComprehensive" name="test_check_trade_request_loss_per_trade_limit" time="0.003" /><testcase classname="tests.integration.test_risk_manager_comprehensive.TestRiskManagerComprehensive" name="test_calculate_position_risk_metrics" time="0.003" /><testcase classname="tests.integration.test_risk_manager_comprehensive.TestRiskManagerComprehensive" name="test_calculate_portfolio_risk_metrics" time="0.002" /><testcase classname="tests.integration.test_risk_manager_comprehensive.TestRiskManagerComprehensive" name="test_stress_testing" time="0.003" /><testcase classname="tests.integration.test_risk_manager_comprehensive.TestRiskManagerComprehensive" name="test_var_calculation" time="0.003" /><testcase classname="tests.integration.test_risk_manager_comprehensive.TestRiskManagerComprehensive" name="test_correlation_analysis" time="0.007" /><testcase classname="tests.integration.test_risk_manager_comprehensive.TestRiskManagerComprehensive" name="test_liquidity_risk_assessment" time="0.002" /><testcase classname="tests.integration.test_risk_manager_comprehensive.TestRiskManagerComprehensive" name="test_margin_requirement_calculation" time="0.003" /><testcase classname="tests.integration.test_risk_manager_comprehensive.TestRiskManagerComprehensive" name="test_concentration_risk" time="0.004" /><testcase classname="tests.integration.test_risk_manager_comprehensive.TestRiskManagerComprehensive" name="test_scenario_analysis" time="0.003" /><testcase classname="tests.integration.test_risk_manager_comprehensive.TestRiskManagerComprehensive" name="test_risk_adjusted_return_metrics" time="0.003" /><testcase classname="tests.integration.test_risk_manager_comprehensive.TestRiskManagerComprehensive" name="test_volatility_forecasting" time="0.005" /><testcase classname="tests.integration.test_risk_manager_comprehensive.TestRiskManagerComprehensive" name="test_counterparty_risk_assessment" time="0.002" /><testcase classname="tests.integration.test_risk_manager_comprehensive.TestRiskManagerComprehensive" name="test_regulatory_compliance_check" time="0.003" /><testcase classname="tests.integration.test_risk_manager_comprehensive.TestRiskManagerComprehensive" name="test_risk_limit_dynamic_adjustment" time="0.002" /><testcase classname="tests.integration.test_risk_manager_comprehensive.TestRiskManagerComprehensive" name="test_risk_report_generation" time="0.002" /><testcase classname="tests.integration.test_risk_manager_comprehensive.TestRiskManagerComprehensive" name="test_error_handling_and_recovery" time="0.002" /><testcase classname="tests.integration.test_trade_buffer_optimization" name="test_async_trade_buffer" time="0.197" /><testcase classname="tests.integration.test_trade_buffer_optimization" name="test_flow_analyzer_optimizations" time="0.005" /><testcase classname="tests.integration.test_trade_buffer_optimization" name="test_latency_monitoring" time="0.003" /><testcase classname="tests.integration.test_trade_buffer_optimization" name="test_end_to_end_optimization" time="0.510" /><testcase classname="tests.integration.test_trade_flow_analyzer" name="test_initialization" time="0.002" /><testcase classname="tests.integration.test_trade_flow_analyzer" name="test_analyze_window_empty_data" time="0.005" /><testcase classname="tests.integration.test_trade_flow_analyzer" name="test_analyze_window_insufficient_data" time="0.003" /><testcase classname="tests.integration.test_trade_flow_analyzer" name="test_analyze_window_valid_execution" time="0.005" /><testcase classname="tests.integration.test_update_histories" name="test_update_histories_appends_basic_values" time="0.003" /><testcase classname="tests.integration.test_update_histories" name="test_update_histories_uses_volatility_5_first" time="0.003" /><testcase classname="tests.integration.test_update_histories" name="test_update_histories_falls_back_to_volatility_1" time="0.003" /><testcase classname="tests.integration.test_window_processor" name="test_process_window_warmup_does_not_advance_window" time="0.008" /><testcase classname="tests.integration.test_window_processor" name="test_process_window_insufficient_trades_no_buffer" time="0.006" /><testcase classname="tests.integration.test_window_processor" name="test_process_window_uses_trades_buffer_when_insufficient" time="0.005" /><testcase classname="tests.integration.test_window_processor" name="test_process_window_happy_path_calls_process_signals_and_feature_store" time="0.058" /><testcase classname="tests.integration.test_window_processor_queue" name="test_submit_window_processes_snapshot_in_background" time="0.014" /><testcase classname="tests.payload.test_ai_payload_types" name="test_compact_payload_helper_accepts_build_output" time="0.006" /><testcase classname="tests.payload.test_ai_payload_types" name="test_compact_payload_helper_rejects_minimal_emergency_shape" time="0.003" /><testcase classname="tests.payload.test_ai_payload_types" name="test_compact_payload_wrapper_detection" time="0.003" /><testcase classname="tests.payload.test_ai_payload_types" name="test_allowed_root_keys_include_gap_and_summary_sections" time="0.002" /><testcase classname="tests.payload.test_ai_throttler_v2.TestHardMinimum" name="test_hard_min_blocks_all" time="0.004" /><testcase classname="tests.payload.test_ai_throttler_v2.TestHardMinimum" name="test_first_call_always_passes" time="0.004" /><testcase classname="tests.payload.test_ai_throttler_v2.TestSoftMinimum" name="test_soft_min_blocks_analysis_trigger" time="0.003" /><testcase classname="tests.payload.test_ai_throttler_v2.TestSoftMinimum" name="test_interval_ok_passes" time="0.007" /><testcase classname="tests.payload.test_ai_throttler_v2.TestImportantEvents" name="test_important_event_bypasses_soft_min" time="0.004" /><testcase classname="tests.payload.test_ai_throttler_v2.TestImportantEvents" name="test_all_important_triggers" time="0.005" /><testcase classname="tests.payload.test_ai_throttler_v2.TestSignificantChange" name="test_large_delta_bypasses_soft_min" time="0.004" /><testcase classname="tests.payload.test_ai_throttler_v2.TestSignificantChange" name="test_small_delta_blocked" time="0.003" /><testcase classname="tests.payload.test_ai_throttler_v2.TestSignificantChange" name="test_bsr_cross_with_large_change" time="0.005" /><testcase classname="tests.payload.test_ai_throttler_v2.TestSignificantChange" name="test_bsr_cross_small_change_blocked" time="0.004" /><testcase classname="tests.payload.test_ai_throttler_v2.TestStatistics" name="test_stats_tracking" time="0.004" /><testcase classname="tests.payload.test_ai_throttler_v2.TestStatistics" name="test_reset_stats" time="0.004" /><testcase classname="tests.payload.test_ai_throttler_v2.TestStatistics" name="test_stats_property" time="0.004" /><testcase classname="tests.payload.test_ai_throttler_v2.TestThrottlerScenario" name="test_realistic_5_windows" time="0.005" /><testcase classname="tests.payload.test_build_compact_payload_budget" name="test_budget_base_event_below_soft_limit" time="0.005" /><testcase classname="tests.payload.test_build_compact_payload_budget" name="test_budget_cached_ctx_is_smaller_than_full_ctx" time="0.007" /><testcase classname="tests.payload.test_build_compact_payload_budget" name="test_budget_summary_section_present" time="0.005" /><testcase classname="tests.payload.test_build_compact_payload_budget" name="test_budget_guard_hard_limit_protection" time="0.003"><failure message="TypeError: test_budget_guard_hard_limit_protection.&lt;locals&gt;.giant_summary() got an unexpected keyword argument 'builders'">E   TypeError: test_budget_guard_hard_limit_protection.&lt;locals&gt;.giant_summary() got an unexpected keyword argument 'builders'</failure></testcase><testcase classname="tests.payload.test_build_compact_payload_budget" name="test_budget_guard_soft_limit_compaction" time="0.003"><failure message="TypeError: test_budget_guard_soft_limit_compaction.&lt;locals&gt;.large_summary() got an unexpected keyword argument 'builders'">E   TypeError: test_budget_guard_soft_limit_compaction.&lt;locals&gt;.large_summary() got an unexpected keyword argument 'builders'</failure></testcase><testcase classname="tests.payload.test_build_compact_payload_budget" name="test_budget_with_summary_section_below_soft_limit" time="0.005" /><testcase classname="tests.payload.test_build_compact_payload_budget" name="test_budget_summary_section_present_when_within_budget" time="0.005" /><testcase classname="tests.payload.test_build_compact_payload_budget" name="test_budget_summary_has_expected_builders" time="0.006" /><testcase classname="tests.payload.test_build_compact_payload_budget" name="test_budget_summary_notes_are_non_empty_strings" time="0.004" /><testcase classname="tests.payload.test_build_compact_payload_budget" name="test_budget_summary_quality_reflects_payload_state" time="0.007" /><testcase classname="tests.payload.test_build_compact_payload_budget" name="test_budget_summary_flow_bias_consistent_with_flow_section" time="0.005" /><testcase classname="tests.payload.test_build_compact_payload_budget" name="test_budget_summary_regime_label_consistent_with_regime_mode" time="0.005" /><testcase classname="tests.payload.test_build_compact_payload_fixes.TestGuardrailWhitelist" name="test_guardrail_allows_summary_key" time="0.002" /><testcase classname="tests.payload.test_build_compact_payload_fixes.TestGuardrailWhitelist" name="test_guardrail_allows_gap_keys" time="0.003" /><testcase classname="tests.payload.test_build_compact_payload_fixes.TestGuardrailWhitelist" name="test_guardrail_rewrap_preserves_new_keys" time="0.003" /><testcase classname="tests.payload.test_build_compact_payload_fixes.TestQualityVeryLow" name="test_resolve_liquidity_very_low" time="0.002" /><testcase classname="tests.payload.test_build_compact_payload_fixes.TestQualityVeryLow" name="test_resolve_liquidity_truncated_ver" time="0.002" /><testcase classname="tests.payload.test_build_compact_payload_fixes.TestQualityVeryLow" name="test_resolve_liquidity_truncated_very" time="0.004" /><testcase classname="tests.payload.test_build_compact_payload_fixes.TestQualityVeryLow" name="test_quality_summary_very_low_liquidity" time="0.003" /><testcase classname="tests.payload.test_build_compact_payload_fixes.TestQualityVeryLow" name="test_quality_summary_holiday_reduces_confidence" time="0.003" /><testcase classname="tests.payload.test_build_compact_payload_fixes.TestQualityVeryLow" name="test_quality_summary_note_includes_confidence_pct" time="0.002" /><testcase classname="tests.payload.test_build_compact_payload_fixes.TestQualBuilderPreservesLiquidity" name="test_qual_preserves_very_low_without_truncation" time="0.007" /><testcase classname="tests.payload.test_build_compact_payload_fixes.TestQualBuilderPreservesLiquidity" name="test_qual_includes_holiday_on_us_holiday" time="0.006" /><testcase classname="tests.payload.test_build_compact_payload_fixes.TestQualBuilderPreservesLiquidity" name="test_qual_includes_degraded_latency" time="0.007" /><testcase classname="tests.payload.test_build_compact_payload_fixes.TestExtIndicatorsEnrichment" name="test_stoch_signal_oversold_is_extracted" time="0.004" /><testcase classname="tests.payload.test_build_compact_payload_fixes.TestExtIndicatorsEnrichment" name="test_candlestick_bearish_pattern_extracted" time="0.006" /><testcase classname="tests.payload.test_build_compact_payload_fixes.TestExtIndicatorsEnrichment" name="test_candlestick_absent_when_confidence_low" time="0.005" /><testcase classname="tests.payload.test_build_compact_payload_fixes.TestExtIndicatorsEnrichment" name="test_candlestick_absent_when_neutral" time="0.006" /><testcase classname="tests.payload.test_build_compact_payload_fixes.TestRegimeModeFromRegimeAnalysis" name="test_mean_reverting_sets_mode_mr" time="0.005" /><testcase classname="tests.payload.test_build_compact_payload_fixes.TestRegimeModeFromRegimeAnalysis" name="test_breakout_regime_sets_mode_brk" time="0.006" /><testcase classname="tests.payload.test_build_compact_payload_fixes.TestRegimeModeFromRegimeAnalysis" name="test_trending_regime_sets_mode_trd" time="0.006" /><testcase classname="tests.payload.test_build_compact_payload_fixes.TestRegimeModeFromRegimeAnalysis" name="test_fallback_to_market_structure_when_no_regime_analysis" time="0.005" /><testcase classname="tests.payload.test_build_compact_payload_fixes.TestMrThreshold" name="test_mr_appears_with_hurst_0378_and_pos_0272" time="0.006" /><testcase classname="tests.payload.test_build_compact_payload_fixes.TestMrThreshold" name="test_mr_absent_when_hurst_above_048" time="0.004" /><testcase classname="tests.payload.test_build_compact_payload_fixes.TestMrThreshold" name="test_mr_absent_when_position_too_centered" time="0.006" /><testcase classname="tests.payload.test_build_compact_payload_fixes.TestOfiOrderFlowSource" name="test_ofi_uses_order_flow_flow_imbalance" time="0.006" /><testcase classname="tests.payload.test_build_compact_payload_fixes.TestOfiOrderFlowSource" name="test_ofi_direction_sell_when_negative" time="0.007" /><testcase classname="tests.payload.test_build_compact_payload_fixes.TestOfiOrderFlowSource" name="test_ofi_direction_buy_when_positive" time="0.005" /><testcase classname="tests.payload.test_build_compact_payload_fixes.TestOfiOrderFlowSource" name="test_ofi_direction_neu_when_near_zero" time="0.006" /><testcase classname="tests.payload.test_build_compact_payload_fixes.TestProductionEventIntegration" name="test_production_event_generates_valid_payload" time="0.007" /><testcase classname="tests.payload.test_build_compact_payload_fixes.TestProductionEventIntegration" name="test_production_event_has_all_expected_gaps" time="0.006" /><testcase classname="tests.payload.test_build_compact_payload_fixes.TestProductionEventIntegration" name="test_production_event_regime_mode_is_mr" time="0.005" /><testcase classname="tests.payload.test_build_compact_payload_fixes.TestProductionEventIntegration" name="test_production_event_quality_is_unreliable" time="0.006" /><testcase classname="tests.payload.test_build_compact_payload_fixes.TestProductionEventIntegration" name="test_production_event_summary_note_mentions_holiday" time="0.007" /><testcase classname="tests.payload.test_build_compact_payload_fixes.TestProductionEventIntegration" name="test_production_event_is_serializable" time="0.005" /><testcase classname="tests.payload.test_build_compact_payload_pending_regressions" name="test_quality_should_be_built_from_institutional_analytics_quality" time="0.427"><failure message="AssertionError: assert {'lat': 'DEGR...', 'ms': 3622} == {'lat': 'DEGR...', 'ms': 3622}&#10;  &#10;  Omitting 2 identical items, use -vv to show&#10;  Differing items:&#10;  #x1B[0m{#x1B[33m'#x1B[39;49;00m#x1B[33mliq#x1B[39;49;00m#x1B[33m'#x1B[39;49;00m: #x1B[33m'#x1B[39;49;00m#x1B[33mREDUCED#x1B[39;49;00m#x1B[33m'#x1B[39;49;00m}#x1B[90m#x1B[39;49;00m != #x1B[0m{#x1B[33m'#x1B[39;49;00m#x1B[33mliq#x1B[39;49;00m#x1B[33m'#x1B[39;49;00m: #x1B[33m'#x1B[39;49;00m#x1B[33mRED#x1B[39;49;00m#x1B[33m'#x1B[39;49;00m}#x1B[90m#x1B[39;49;00m&#10;  &#10;  Full diff:&#10;  #x1B[0m#x1B[90m #x1B[39;49;00m {#x1B[90m#x1B[39;49;00m...&#10;  &#10;  ...Full output truncated (6 lines hidden), use '-vv' to show">E   AssertionError: assert {'lat': 'DEGR...', 'ms': 3622} == {'lat': 'DEGR...', 'ms': 3622}
      
      Omitting 2 identical items, use -vv to show
      Differing items:
      #x1B[0m{#x1B[33m'#x1B[39;49;00m#x1B[33mliq#x1B[39;49;00m#x1B[33m'#x1B[39;49;00m: #x1B[33m'#x1B[39;49;00m#x1B[33mREDUCED#x1B[39;49;00m#x1B[33m'#x1B[39;49;00m}#x1B[90m#x1B[39;49;00m != #x1B[0m{#x1B[33m'#x1B[39;49;00m#x1B[33mliq#x1B[39;49;00m#x1B[33m'#x1B[39;49;00m: #x1B[33m'#x1B[39;49;00m#x1B[33mRED#x1B[39;49;00m#x1B[33m'#x1B[39;49;00m}#x1B[90m#x1B[39;49;00m
      
      Full diff:
      #x1B[0m#x1B[90m #x1B[39;49;00m {#x1B[90m#x1B[39;49;00m...
      
      ...Full output truncated (6 lines hidden), use '-vv' to show</failure></testcase><testcase classname="tests.payload.test_build_compact_payload_pending_regressions" name="test_poor_low_detected_should_set_pl_flag" time="0.005" /><testcase classname="tests.payload.test_build_compact_payload_pending_regressions" name="test_fvg_last_should_distinguish_bullish_from_bearish" time="0.004" /><testcase classname="tests.payload.test_build_compact_payload_pending_regressions" name="test_fib_should_be_built_from_pattern_recognition_fibonacci_levels" time="0.005" /><testcase classname="tests.payload.test_build_compact_payload_pending_regressions" name="test_regime_should_expose_market_mode_or_structure" time="0.005" /><testcase classname="tests.payload.test_build_compact_payload_scenarios" name="test_scenario_mean_reversion_range" time="0.004" /><testcase classname="tests.payload.test_build_compact_payload_scenarios" name="test_scenario_breakout_event" time="0.004" /><testcase classname="tests.payload.test_build_compact_payload_scenarios" name="test_scenario_absorption" time="0.004" /><testcase classname="tests.payload.test_build_compact_payload_scenarios" name="test_scenario_derivatives" time="0.005" /><testcase classname="tests.payload.test_build_compact_payload_smoke" name="test_build_compact_payload_has_required_sections" time="0.005" /><testcase classname="tests.payload.test_build_compact_payload_smoke" name="test_build_compact_payload_uses_long_keys_not_short_keys" time="0.006" /><testcase classname="tests.payload.test_build_compact_payload_smoke" name="test_breakout_risk_very_high_maps_to_v_hi" time="0.005" /><testcase classname="tests.payload.test_build_compact_payload_smoke" name="test_flow_and_orderbook_include_execution_signals" time="0.005" /><testcase classname="tests.payload.test_build_compact_payload_smoke" name="test_sr_includes_distance_fields_and_confluence" time="0.006" /><testcase classname="tests.payload.test_build_compact_payload_smoke" name="test_first_call_sends_full_ctx_and_second_call_sends_cached_min_ctx" time="0.008" /><testcase classname="tests.payload.test_build_compact_payload_smoke" name="test_important_event_forces_full_ctx_even_when_cache_exists" time="0.010" /><testcase classname="tests.payload.test_build_compact_payload_smoke" name="test_wrapper_preserves_sections_and_metadata" time="0.005" /><testcase classname="tests.payload.test_build_compact_payload_snapshot" name="test_snapshot_required_root_keys_present" time="0.006" /><testcase classname="tests.payload.test_build_compact_payload_snapshot" name="test_snapshot_forbidden_root_keys_absent" time="0.004" /><testcase classname="tests.payload.test_build_compact_payload_snapshot" name="test_snapshot_price_section_structure" time="0.004" /><testcase classname="tests.payload.test_build_compact_payload_snapshot" name="test_snapshot_regime_section_structure" time="0.005" /><testcase classname="tests.payload.test_build_compact_payload_snapshot" name="test_snapshot_flow_section_structure" time="0.004" /><testcase classname="tests.payload.test_build_compact_payload_snapshot" name="test_snapshot_orderbook_section_structure" time="0.005" /><testcase classname="tests.payload.test_build_compact_payload_snapshot" name="test_snapshot_ctx_section_structure" time="0.006" /><testcase classname="tests.payload.test_build_compact_payload_snapshot" name="test_snapshot_sr_section_structure" time="0.007" /><testcase classname="tests.payload.test_build_compact_payload_snapshot" name="test_snapshot_tf_section_has_all_four_timeframes" time="0.005" /><testcase classname="tests.payload.test_build_compact_payload_snapshot" name="test_snapshot_compact_number_format_consistency" time="0.005" /><testcase classname="tests.payload.test_build_compact_payload_snapshot" name="test_snapshot_brk_risk_values_are_canonical" time="0.004" /><testcase classname="tests.payload.test_build_compact_payload_snapshot" name="test_snapshot_fvg_last_is_not_ambiguous" time="0.005" /><testcase classname="tests.payload.test_build_compact_payload_snapshot" name="test_snapshot_structure_is_serializable_to_json" time="0.005" /><testcase classname="tests.payload.test_build_compact_payload_snapshot" name="test_snapshot_summary_section_present" time="0.004" /><testcase classname="tests.payload.test_build_compact_payload_snapshot" name="test_snapshot_summary_flow_structure" time="0.004" /><testcase classname="tests.payload.test_build_compact_payload_snapshot" name="test_snapshot_summary_sr_structure" time="0.005" /><testcase classname="tests.payload.test_build_compact_payload_snapshot" name="test_snapshot_summary_regime_structure" time="0.005" /><testcase classname="tests.payload.test_build_compact_payload_snapshot" name="test_snapshot_summary_institutional_structure" time="0.005" /><testcase classname="tests.payload.test_build_compact_payload_snapshot" name="test_snapshot_summary_quality_structure" time="0.007" /><testcase classname="tests.payload.test_build_compact_payload_snapshot" name="test_snapshot_payload_with_summary_still_serializable" time="0.005" /><testcase classname="tests.payload.test_build_compact_payload_snapshot" name="test_snapshot_payload_with_summary_below_hard_limit" time="0.005" /><testcase classname="tests.payload.test_build_compact_v3.TestCompactNumber" name="test_positive_large" time="0.003" /><testcase classname="tests.payload.test_build_compact_v3.TestCompactNumber" name="test_negative_large" time="0.003" /><testcase classname="tests.payload.test_build_compact_v3.TestCompactNumber" name="test_positive_millions" time="0.003" /><testcase classname="tests.payload.test_build_compact_v3.TestCompactNumber" name="test_negative_millions" time="0.003" /><testcase classname="tests.payload.test_build_compact_v3.TestCompactNumber" name="test_positive_small" time="0.003" /><testcase classname="tests.payload.test_build_compact_v3.TestCompactNumber" name="test_zero" time="0.003" /><testcase classname="tests.payload.test_build_compact_v3.TestCompactNumber" name="test_none" time="0.003" /><testcase classname="tests.payload.test_build_compact_v3.TestCompactNumber" name="test_negative_small" time="0.002" /><testcase classname="tests.payload.test_build_compact_v3.TestCompactNumber" name="test_no_force_sign_positive" time="0.003" /><testcase classname="tests.payload.test_build_compact_v3.TestCompactNumber" name="test_no_force_sign_negative" time="0.003" /><testcase classname="tests.payload.test_build_compact_v3.TestCompactNumber" name="test_integer_range" time="0.003" /><testcase classname="tests.payload.test_build_compact_v3.TestCompactNumber" name="test_negative_integer_range" time="0.002" /><testcase classname="tests.payload.test_build_compact_v3.TestFlowKeys" name="test_flow_uses_d_keys" time="0.004" /><testcase classname="tests.payload.test_build_compact_v3.TestFlowKeys" name="test_flow_d1_has_sign" time="0.003" /><testcase classname="tests.payload.test_build_compact_v3.TestFlowKeys" name="test_flow_d1_value" time="0.003" /><testcase classname="tests.payload.test_build_compact_v3.TestFlowKeys" name="test_flow_negative_delta" time="0.003" /><testcase classname="tests.payload.test_build_compact_v3.TestExternalMarkets" name="test_ctx_has_external_prices" time="0.002" /><testcase classname="tests.payload.test_build_compact_v3.TestExternalMarkets" name="test_ctx_prices_correct" time="0.002" /><testcase classname="tests.payload.test_build_compact_v3.TestExternalMarkets" name="test_ctx_has_derivatives" time="0.003" /><testcase classname="tests.payload.test_build_compact_v3.TestExternalMarkets" name="test_ctx_has_correlations" time="0.002" /><testcase classname="tests.payload.test_build_compact_v3.TestExternalMarkets" name="test_ctx_has_volume_profile" time="0.002" /><testcase classname="tests.payload.test_build_compact_v3.TestExternalMarkets" name="test_ctx_has_session" time="0.002" /><testcase classname="tests.payload.test_build_compact_v3.TestExternalMarkets" name="test_ctx_missing_external_markets" time="0.002" /><testcase classname="tests.payload.test_build_compact_v3.TestForceCtx" name="test_important_event_forces_ctx" time="0.010" /><testcase classname="tests.payload.test_build_compact_v3.TestForceCtx" name="test_important_events_set" time="0.003" /><testcase classname="tests.payload.test_build_compact_v3.TestTimeframes" name="test_null_tf_filtered" time="0.003" /><testcase classname="tests.payload.test_build_compact_v3.TestTimeframes" name="test_tf_has_correct_data" time="0.003" /><testcase classname="tests.payload.test_build_compact_v3.TestWhale" name="test_whale_is_dict_with_score" time="0.004" /><testcase classname="tests.payload.test_build_compact_v3.TestWhale" name="test_whale_zero_not_in_payload" time="0.005" /><testcase classname="tests.payload.test_build_compact_v3.TestFullPayload" name="test_full_payload_structure" time="0.005" /><testcase classname="tests.payload.test_build_compact_v3.TestFullPayload" name="test_payload_flow_keys_are_v3" time="0.006" /><testcase classname="tests.payload.test_build_compact_v3.TestFullPayload" name="test_payload_ctx_has_market_prices" time="0.005" /><testcase classname="tests.payload.test_build_compact_v3.TestSafeHelpers" name="test_safe_price_dict" time="0.002" /><testcase classname="tests.payload.test_build_compact_v3.TestSafeHelpers" name="test_safe_price_numeric" time="0.003" /><testcase classname="tests.payload.test_build_compact_v3.TestSafeHelpers" name="test_safe_price_missing" time="0.002" /><testcase classname="tests.payload.test_build_compact_v3.TestSafeHelpers" name="test_safe_price_zero" time="0.003" /><testcase classname="tests.payload.test_build_compact_v3.TestSafeHelpers" name="test_safe_int_dict" time="0.002" /><testcase classname="tests.payload.test_build_compact_v3.TestSafeHelpers" name="test_safe_int_none" time="0.003" /><testcase classname="tests.payload.test_payload_compressor" name="test_compress_payload_limits_size_and_sets_version" time="0.003" /><testcase classname="tests.payload.test_payload_compressor" name="test_compress_payload_keeps_signal_fields" time="0.003" /><testcase classname="tests.payload.test_payload_compressor" name="test_builder_fallback_when_missing_price" time="0.014" /><testcase classname="tests.payload.test_payload_compressor" name="test_builder_generates_v2_with_decision_hash" time="0.015" /><testcase classname="tests.payload.test_payload_compressor" name="test_cluster_time_normalization_from_timestamps" time="0.004" /><testcase classname="tests.payload.test_payload_compressor" name="test_cluster_time_preserves_existing_when_no_timestamps" time="0.004" /><testcase classname="tests.payload.test_payload_compressor" name="test_budget_enforcement_reduces_sections" time="0.005" /><testcase classname="tests.payload.test_payload_compressor" name="test_cache_hit_reduces_payload" time="0.029" /><testcase classname="tests.payload.test_payload_compressor" name="test_cache_miss_on_change" time="0.032" /><testcase classname="tests.payload.test_payload_compressor" name="test_config_flag_disables_v2" time="0.006" /><testcase classname="tests.payload.test_payload_compressor" name="test_config_disables_section_cache" time="0.008" /><testcase classname="tests.payload.test_payload_guardrail" name="test_guardrail_allows_safe_payload" time="0.005" /><testcase classname="tests.payload.test_payload_guardrail" name="test_guardrail_blocks_forbidden_and_uses_ai_analysis_payload" time="0.005" /><testcase classname="tests.payload.test_payload_guardrail" name="test_guardrail_aborts_without_candidate" time="0.010" /><testcase classname="tests.payload.test_payload_integration_e2e.TestE2EPipelineIntegration" name="test_full_pipeline_produces_valid_payload" time="0.006" /><testcase classname="tests.payload.test_payload_integration_e2e.TestE2EPipelineIntegration" name="test_summary_section_present_in_full_pipeline" time="0.005" /><testcase classname="tests.payload.test_payload_integration_e2e.TestE2EPipelineIntegration" name="test_summary_has_all_five_builders" time="0.004" /><testcase classname="tests.payload.test_payload_integration_e2e.TestE2EPipelineIntegration" name="test_summary_flow_bias_matches_pa_signal" time="0.004" /><testcase classname="tests.payload.test_payload_integration_e2e.TestE2EPipelineIntegration" name="test_summary_quality_reliable_when_data_ok" time="0.004" /><testcase classname="tests.payload.test_payload_integration_e2e.TestE2EPipelineIntegration" name="test_summary_quality_unreliable_when_latency_degraded" time="0.005" /><testcase classname="tests.payload.test_payload_integration_e2e.TestE2EPipelineIntegration" name="test_summary_regime_label_matches_mode" time="0.007" /><testcase classname="tests.payload.test_payload_integration_e2e.TestE2EPipelineIntegration" name="test_summary_regime_strategies_not_empty" time="0.006" /><testcase classname="tests.payload.test_payload_integration_e2e.TestE2EPipelineIntegration" name="test_summary_institutional_unfinished_has_low" time="0.006" /><testcase classname="tests.payload.test_payload_integration_e2e.TestE2EPipelineIntegration" name="test_summary_sr_nearest_is_valid_value" time="0.006" /><testcase classname="tests.payload.test_payload_integration_e2e.TestE2EPipelineIntegration" name="test_full_payload_is_json_serializable" time="0.006" /><testcase classname="tests.payload.test_payload_integration_e2e.TestE2EPipelineIntegration" name="test_full_payload_below_hard_limit" time="0.006" /><testcase classname="tests.payload.test_payload_integration_e2e.TestE2EPipelineIntegration" name="test_full_payload_below_soft_limit" time="0.005"><failure message="AssertionError: Payload ultrapassou soft limit: 3433 bytes (limite=3000)&#10;assert 3433 &lt; 3000">E   AssertionError: Payload ultrapassou soft limit: 3433 bytes (limite=3000)
    assert 3433 &lt; 3000</failure></testcase><testcase classname="tests.payload.test_payload_integration_e2e.TestE2EBudgetGuard" name="test_budget_guard_removes_summary_when_payload_exceeds_hard_limit" time="0.005"><failure message="TypeError: TestE2EBudgetGuard.test_budget_guard_removes_summary_when_payload_exceeds_hard_limit.&lt;locals&gt;.giant_summary() got an unexpected keyword argument 'builders'">E   TypeError: TestE2EBudgetGuard.test_budget_guard_removes_summary_when_payload_exceeds_hard_limit.&lt;locals&gt;.giant_summary() got an unexpected keyword argument 'builders'</failure></testcase><testcase classname="tests.payload.test_payload_integration_e2e.TestE2EBudgetGuard" name="test_budget_guard_compacts_summary_when_over_soft_limit" time="0.005"><failure message="TypeError: TestE2EBudgetGuard.test_budget_guard_compacts_summary_when_over_soft_limit.&lt;locals&gt;.large_summary() got an unexpected keyword argument 'builders'">E   TypeError: TestE2EBudgetGuard.test_budget_guard_compacts_summary_when_over_soft_limit.&lt;locals&gt;.large_summary() got an unexpected keyword argument 'builders'</failure></testcase><testcase classname="tests.payload.test_payload_integration_e2e.TestE2EBudgetGuard" name="test_builder_exception_does_not_crash_pipeline" time="0.006" /><testcase classname="tests.payload.test_payload_integration_e2e.TestE2EBudgetGuard" name="test_all_builders_exception_produces_empty_summary" time="0.003"><failure message="TypeError: TestE2EBudgetGuard.test_all_builders_exception_produces_empty_summary.&lt;locals&gt;.empty_summary() got an unexpected keyword argument 'builders'">E   TypeError: TestE2EBudgetGuard.test_all_builders_exception_produces_empty_summary.&lt;locals&gt;.empty_summary() got an unexpected keyword argument 'builders'</failure></testcase><testcase classname="tests.payload.test_payload_integration_e2e.TestE2ECoherence" name="test_summary_notes_reference_real_values" time="0.004" /><testcase classname="tests.payload.test_payload_integration_e2e.TestE2ECoherence" name="test_summary_regime_avoids_opposite_direction_strategies" time="0.005" /><testcase classname="tests.payload.test_payload_integration_e2e.TestE2ECoherence" name="test_summary_quality_issues_match_qual_fields" time="0.004" /><testcase classname="tests.payload.test_payload_integration_e2e.TestE2ECoherence" name="test_wrapper_payload_also_contains_summary" time="0.004" /><testcase classname="tests.payload.test_payload_metrics_aggregator" name="test_summarize_metrics_basic" time="0.009" /><testcase classname="tests.payload.test_payload_optimizer" name="test_payload_compression_ratio" time="0.005" /><testcase classname="tests.payload.test_payload_optimizer" name="test_payload_optimizer_with_realistic_data" time="0.003" /><testcase classname="tests.payload.test_payload_optimizer" name="test_payload_optimizer_handles_missing_data" time="0.003" /><testcase classname="tests.payload.test_payload_optimizer" name="test_payload_optimizer_estimate_savings" time="0.723" /><testcase classname="tests.payload.test_payload_optimizer" name="test_payload_optimizer_compact_keys" time="0.002" /><testcase classname="tests.payload.test_payload_sections.TestFlowSummary" name="test_nominal_returns_required_keys" time="0.003" /><testcase classname="tests.payload.test_payload_sections.TestFlowSummary" name="test_nominal_buy_absorption_bias" time="0.002" /><testcase classname="tests.payload.test_payload_sections.TestFlowSummary" name="test_nominal_whale_actor_detected" time="0.002" /><testcase classname="tests.payload.test_payload_sections.TestFlowSummary" name="test_nominal_conviction_medium" time="0.002" /><testcase classname="tests.payload.test_payload_sections.TestFlowSummary" name="test_nominal_note_is_non_empty_string" time="0.002" /><testcase classname="tests.payload.test_payload_sections.TestFlowSummary" name="test_divergence_d1_vs_d5_sets_reversal_signal" time="0.002" /><testcase classname="tests.payload.test_payload_sections.TestFlowSummary" name="test_no_divergence_when_both_positive" time="0.002" /><testcase classname="tests.payload.test_payload_sections.TestFlowSummary" name="test_fallback_when_no_flow" time="0.002" /><testcase classname="tests.payload.test_payload_sections.TestFlowSummary" name="test_sell_absorption_sets_sell_bias" time="0.002" /><testcase classname="tests.payload.test_payload_sections.TestFlowSummary" name="test_high_buyer_strength_upgrades_conviction" time="0.002" /><testcase classname="tests.payload.test_payload_sections.TestFlowSummary" name="test_retail_actor_when_only_retail_active" time="0.003" /><testcase classname="tests.payload.test_payload_sections.TestFlowSummary" name="test_unknown_actor_when_both_inactive" time="0.003" /><testcase classname="tests.payload.test_payload_sections.TestSrSummary" name="test_nominal_returns_required_keys" time="0.002" /><testcase classname="tests.payload.test_payload_sections.TestSrSummary" name="test_nominal_resistance_is_nearest" time="0.002" /><testcase classname="tests.payload.test_payload_sections.TestSrSummary" name="test_nominal_not_compressed" time="0.002" /><testcase classname="tests.payload.test_payload_sections.TestSrSummary" name="test_neutral_def_bias" time="0.003" /><testcase classname="tests.payload.test_payload_sections.TestSrSummary" name="test_dist_atr_present_when_atr_available" time="0.002" /><testcase classname="tests.payload.test_payload_sections.TestSrSummary" name="test_compression_detected_when_gap_tiny" time="0.003" /><testcase classname="tests.payload.test_payload_sections.TestSrSummary" name="test_s1_near_flag_when_support_very_close" time="0.003" /><testcase classname="tests.payload.test_payload_sections.TestSrSummary" name="test_r1_near_flag_when_resistance_very_close" time="0.008" /><testcase classname="tests.payload.test_payload_sections.TestSrSummary" name="test_fallback_when_no_sr" time="0.003" /><testcase classname="tests.payload.test_payload_sections.TestSrSummary" name="test_support_nearest_when_s1_closer" time="0.004" /><testcase classname="tests.payload.test_payload_sections.TestSrSummary" name="test_note_is_non_empty_string" time="0.002" /><testcase classname="tests.payload.test_payload_sections.TestRegimeSummary" name="test_nominal_returns_required_keys" time="0.004" /><testcase classname="tests.payload.test_payload_sections.TestRegimeSummary" name="test_nominal_mode_mr_label" time="0.002" /><testcase classname="tests.payload.test_payload_sections.TestRegimeSummary" name="test_nominal_strategies_are_list" time="0.003" /><testcase classname="tests.payload.test_payload_sections.TestRegimeSummary" name="test_nominal_avoid_are_list" time="0.002" /><testcase classname="tests.payload.test_payload_sections.TestRegimeSummary" name="test_bear_consensus_removes_buy_strategies_in_mr" time="0.002" /><testcase classname="tests.payload.test_payload_sections.TestRegimeSummary" name="test_bull_consensus_removes_sell_strategies_in_trending" time="0.002" /><testcase classname="tests.payload.test_payload_sections.TestRegimeSummary" name="test_low_bbw_triggers_bbw_note" time="0.002" /><testcase classname="tests.payload.test_payload_sections.TestRegimeSummary" name="test_high_bbw_triggers_expansion_note" time="0.002" /><testcase classname="tests.payload.test_payload_sections.TestRegimeSummary" name="test_high_volatility_triggers_vol_note" time="0.002" /><testcase classname="tests.payload.test_payload_sections.TestRegimeSummary" name="test_fallback_when_no_regime" time="0.002" /><testcase classname="tests.payload.test_payload_sections.TestRegimeSummary" name="test_note_is_non_empty_string" time="0.003" /><testcase classname="tests.payload.test_payload_sections.TestRegimeSummary" name="test_breakout_mode_label" time="0.002" /><testcase classname="tests.payload.test_payload_sections.TestInstitutionalSummary" name="test_nominal_returns_required_keys" time="0.002" /><testcase classname="tests.payload.test_payload_sections.TestInstitutionalSummary" name="test_nominal_shape_b_is_bullish" time="0.002" /><testcase classname="tests.payload.test_payload_sections.TestInstitutionalSummary" name="test_nominal_whale_ma_is_accumulating" time="0.003" /><testcase classname="tests.payload.test_payload_sections.TestInstitutionalSummary" name="test_nominal_poor_low_in_unfinished" time="0.003" /><testcase classname="tests.payload.test_payload_sections.TestInstitutionalSummary" name="test_nominal_auction_state_populated" time="0.002" /><testcase classname="tests.payload.test_payload_sections.TestInstitutionalSummary" name="test_alignment_bull_when_all_signals_bullish" time="0.003" /><testcase classname="tests.payload.test_payload_sections.TestInstitutionalSummary" name="test_alignment_conflicted_when_signals_diverge" time="0.002" /><testcase classname="tests.payload.test_payload_sections.TestInstitutionalSummary" name="test_brk_risk_vhi_appears_in_note" time="0.002" /><testcase classname="tests.payload.test_payload_sections.TestInstitutionalSummary" name="test_no_unfinished_when_no_poor_extremes" time="0.002" /><testcase classname="tests.payload.test_payload_sections.TestInstitutionalSummary" name="test_distribution_classification" time="0.002" /><testcase classname="tests.payload.test_payload_sections.TestInstitutionalSummary" name="test_fallback_when_no_price_or_whale" time="0.002" /><testcase classname="tests.payload.test_payload_sections.TestQualitySummary" name="test_nominal_ok_data_is_reliable" time="0.002" /><testcase classname="tests.payload.test_payload_sections.TestQualitySummary" name="test_degraded_latency_reduces_confidence" time="0.002" /><testcase classname="tests.payload.test_payload_sections.TestQualitySummary" name="test_critical_latency_caps_at_04" time="0.002" /><testcase classname="tests.payload.test_payload_sections.TestQualitySummary" name="test_reduced_liquidity_reduces_confidence" time="0.002" /><testcase classname="tests.payload.test_payload_sections.TestQualitySummary" name="test_cached_ctx_reduces_confidence" time="0.003" /><testcase classname="tests.payload.test_payload_sections.TestQualitySummary" name="test_combined_degraded_and_reduced_liquidity" time="0.002" /><testcase classname="tests.payload.test_payload_sections.TestQualitySummary" name="test_note_includes_confidence_percentage" time="0.002" /><testcase classname="tests.payload.test_payload_sections.TestQualitySummary" name="test_reliable_note_is_positive" time="0.002" /><testcase classname="tests.payload.test_payload_sections.TestQualitySummary" name="test_fallback_when_no_qual" time="0.002" /><testcase classname="tests.payload.test_payload_tripwires" name="test_tripwire_triggers_warning" time="0.004" /><testcase classname="tests.payload.test_skill_bridge.TestBaseSkill" name="test_should_run_all_regimes_all_triggers" time="0.003" /><testcase classname="tests.payload.test_skill_bridge.TestBaseSkill" name="test_should_not_run_wrong_regime" time="0.002" /><testcase classname="tests.payload.test_skill_bridge.TestBaseSkill" name="test_should_not_run_wrong_trigger" time="0.002" /><testcase classname="tests.payload.test_skill_bridge.TestBaseSkill" name="test_execute_returns_empty_on_exception" time="0.002" /><testcase classname="tests.payload.test_skill_bridge.TestBaseSkill" name="test_execute_does_not_propagate_exception" time="0.003" /><testcase classname="tests.payload.test_skill_bridge.TestSkillRegistry" name="test_register_and_retrieve" time="0.002" /><testcase classname="tests.payload.test_skill_bridge.TestSkillRegistry" name="test_unregister_removes_skill" time="0.002" /><testcase classname="tests.payload.test_skill_bridge.TestSkillRegistry" name="test_run_all_returns_results_for_eligible_skills" time="0.002" /><testcase classname="tests.payload.test_skill_bridge.TestSkillRegistry" name="test_run_all_skips_ineligible_regime" time="0.004" /><testcase classname="tests.payload.test_skill_bridge.TestSkillRegistry" name="test_run_all_respects_cost_limit" time="0.003" /><testcase classname="tests.payload.test_skill_bridge.TestSkillRegistry" name="test_run_all_handles_broken_skill_gracefully" time="0.004" /><testcase classname="tests.payload.test_skill_bridge.TestMeanReversionContextSkill" name="test_returns_tendency_mean_reverting_when_hurst_low" time="0.002" /><testcase classname="tests.payload.test_skill_bridge.TestMeanReversionContextSkill" name="test_returns_channel_position" time="0.003" /><testcase classname="tests.payload.test_skill_bridge.TestMeanReversionContextSkill" name="test_includes_mr_score_when_available" time="0.002" /><testcase classname="tests.payload.test_skill_bridge.TestMeanReversionContextSkill" name="test_returns_empty_when_no_data" time="0.003" /><testcase classname="tests.payload.test_skill_bridge.TestMeanReversionContextSkill" name="test_trending_hurst" time="0.002" /><testcase classname="tests.payload.test_skill_bridge.TestMeanReversionContextSkill" name="test_near_low_channel_position" time="0.003" /><testcase classname="tests.payload.test_skill_bridge.TestMeanReversionContextSkill" name="test_near_high_channel_position" time="0.003" /><testcase classname="tests.payload.test_skill_bridge.TestAbsorptionStrengthSkill" name="test_strong_buy_absorption" time="0.003" /><testcase classname="tests.payload.test_skill_bridge.TestAbsorptionStrengthSkill" name="test_weak_absorption_not_operable" time="0.003" /><testcase classname="tests.payload.test_skill_bridge.TestAbsorptionStrengthSkill" name="test_returns_continuation_probability" time="0.003" /><testcase classname="tests.payload.test_skill_bridge.TestAbsorptionStrengthSkill" name="test_returns_signal_from_pa" time="0.003" /><testcase classname="tests.payload.test_skill_bridge.TestAbsorptionStrengthSkill" name="test_returns_empty_when_no_absorption_data" time="0.003" /><testcase classname="tests.payload.test_skill_bridge.TestAbsorptionStrengthSkill" name="test_strong_sell_absorption" time="0.002" /><testcase classname="tests.payload.test_skill_bridge.TestAbsorptionStrengthSkill" name="test_moderate_buy_absorption" time="0.002" /><testcase classname="tests.payload.test_skill_bridge.TestRunSkillsIntegration" name="test_run_skills_returns_dict" time="0.002" /><testcase classname="tests.payload.test_skill_bridge.TestRunSkillsIntegration" name="test_run_skills_includes_eligible_skills" time="0.002" /><testcase classname="tests.payload.test_skill_bridge.TestRunSkillsIntegration" name="test_run_skills_abs_trigger_includes_absorption" time="0.002" /><testcase classname="tests.payload.test_skill_bridge.TestRunSkillsIntegration" name="test_run_skills_result_is_compact" time="0.002" /><testcase classname="tests.test_regression" name="test_no_double_underscore_bb_width" time="14.609" /><testcase classname="tests.test_regression" name="test_no_hardcoded_rsi_50_in_feature_calc" time="0.002" /><testcase classname="tests.test_regression" name="test_volume_compra_venda_in_enrichment_integrator" time="0.002" /><testcase classname="tests.test_regression" name="test_no_premature_advanced_analysis_in_enrich" time="0.014" /><testcase classname="tests.test_regression" name="test_no_duplicate_cross_asset_in_pipeline" time="0.002" /><testcase classname="tests.test_regression" name="test_no_duplicate_cross_asset_in_payload_builder" time="0.003" /><testcase classname="tests.test_regression" name="test_clock_sync_differentiates_ok_vs_degraded" time="0.002" /><testcase classname="tests.test_regression" name="test_auto_fixer_scripts_have_utf8_fix" time="0.011" /><testcase classname="tests.test_regression" name="test_window_state_uses_single_underscore_bb_width" time="0.001" /><testcase classname="tests.test_window_state" name="test_volume_validation_catches_mismatch" time="0.001" /><testcase classname="tests.test_window_state" name="test_volume_validation_passes_correct" time="0.002" /><testcase classname="tests.test_window_state" name="test_rsi_validation" time="0.001" /><testcase classname="tests.test_window_state" name="test_macro_validation_catches_etf_price" time="0.001" /><testcase classname="tests.test_window_state" name="test_negative_fees_auto_corrected" time="0.001" /><testcase classname="tests.test_window_state" name="test_ml_features_uses_correct_field_names" time="0.001" /><testcase classname="tests.test_window_state" name="test_state_manager_history" time="0.003" /><testcase classname="tests.test_window_state" name="test_writer_tracking" time="0.002" /><testcase classname="tests.test_window_state" name="test_populate_window_state_from_pipeline" time="0.001" /><testcase classname="tests.test_window_state" name="test_populate_indicators_from_feature_calc" time="0.002" /><testcase classname="tests.test_window_state" name="test_full_window_state_validates_after_populate" time="0.003" /><testcase classname="tests.unit.test_absorption_zone_mapper" name="test_absorption_zone_mapper_initialization" time="0.003" /><testcase classname="tests.unit.test_absorption_zone_mapper" name="test_absorption_zone_mapper_record_event" time="0.002" /><testcase classname="tests.unit.test_absorption_zone_mapper" name="test_absorption_zone_mapper_get_zones_empty" time="0.002" /><testcase classname="tests.unit.test_absorption_zone_mapper" name="test_absorption_zone_mapper_single_zone" time="0.002" /><testcase classname="tests.unit.test_absorption_zone_mapper" name="test_absorption_zone_mapper_multiple_events_same_zone" time="0.002" /><testcase classname="tests.unit.test_absorption_zone_mapper" name="test_absorption_zone_mapper_multiple_zones" time="0.002" /><testcase classname="tests.unit.test_absorption_zone_mapper" name="test_absorption_zone_mapper_reset" time="0.002" /><testcase classname="tests.unit.test_absorption_zone_mapper" name="test_absorption_zone_mapper_get_summary" time="0.002" /><testcase classname="tests.unit.test_ai_analyzer_language_and_think_strip" name="test_system_prompt_requires_ptbr_and_no_think" time="0.001" /><testcase classname="tests.unit.test_ai_analyzer_language_and_think_strip" name="test_sanitize_llm_text_strips_think_block_and_leaves_json" time="0.001" /><testcase classname="tests.unit.test_ai_response_validator.TestAIResponseValidator" name="test_confidence_above_1" time="0.002" /><testcase classname="tests.unit.test_ai_response_validator.TestAIResponseValidator" name="test_confidence_below_0" time="0.002" /><testcase classname="tests.unit.test_ai_response_validator.TestAIResponseValidator" name="test_confidence_edge_cases" time="0.002" /><testcase classname="tests.unit.test_ai_response_validator.TestAIResponseValidator" name="test_fallback_structure" time="0.016" /><testcase classname="tests.unit.test_ai_response_validator.TestAIResponseValidator" name="test_invalid_action" time="0.002" /><testcase classname="tests.unit.test_ai_response_validator.TestAIResponseValidator" name="test_invalid_sentiment" time="0.002" /><testcase classname="tests.unit.test_ai_response_validator.TestAIResponseValidator" name="test_is_fallback_detection" time="0.002" /><testcase classname="tests.unit.test_ai_response_validator.TestAIResponseValidator" name="test_missing_required_field_action" time="0.003" /><testcase classname="tests.unit.test_ai_response_validator.TestAIResponseValidator" name="test_missing_required_field_confidence" time="0.002" /><testcase classname="tests.unit.test_ai_response_validator.TestAIResponseValidator" name="test_missing_required_field_rationale" time="0.002" /><testcase classname="tests.unit.test_ai_response_validator.TestAIResponseValidator" name="test_missing_required_field_sentiment" time="0.002" /><testcase classname="tests.unit.test_ai_response_validator.TestAIResponseValidator" name="test_normalization" time="0.002" /><testcase classname="tests.unit.test_ai_response_validator.TestAIResponseValidator" name="test_text_after_json" time="0.002" /><testcase classname="tests.unit.test_ai_response_validator.TestAIResponseValidator" name="test_text_before_json" time="0.002" /><testcase classname="tests.unit.test_ai_response_validator.TestAIResponseValidator" name="test_text_with_okay_prefix" time="0.002" /><testcase classname="tests.unit.test_ai_response_validator.TestAIResponseValidator" name="test_truncated_json" time="0.002" /><testcase classname="tests.unit.test_ai_response_validator.TestAIResponseValidator" name="test_truncated_json_in_text" time="0.002" /><testcase classname="tests.unit.test_ai_response_validator.TestAIResponseValidator" name="test_valid_actions" time="0.002" /><testcase classname="tests.unit.test_ai_response_validator.TestAIResponseValidator" name="test_valid_json_response" time="0.002" /><testcase classname="tests.unit.test_ai_response_validator.TestAIResponseValidator" name="test_valid_sentiments" time="0.002" /><testcase classname="tests.unit.test_ai_response_validator.TestLogSanitizer" name="test_env_var_redaction" time="0.036" /><testcase classname="tests.unit.test_ai_response_validator.TestLogSanitizer" name="test_groq_token_redaction" time="0.002" /><testcase classname="tests.unit.test_ai_response_validator.TestLogSanitizer" name="test_partial_key_redaction" time="0.002" /><testcase classname="tests.unit.test_ai_response_validator.TestOCIPathCorrection" name="test_oci_config_path" time="0.003" /><testcase classname="tests.unit.test_ai_throttler_v3.TestMinInterval" name="test_first_call_always_allowed" time="0.004" /><testcase classname="tests.unit.test_ai_throttler_v3.TestMinInterval" name="test_second_call_within_hard_min_blocked" time="0.003" /><testcase classname="tests.unit.test_ai_throttler_v3.TestMinInterval" name="test_second_call_after_hard_min_but_within_soft" time="0.004" /><testcase classname="tests.unit.test_ai_throttler_v3.TestMinInterval" name="test_significant_delta_bypasses_soft_min" time="0.004" /><testcase classname="tests.unit.test_ai_throttler_v3.TestMinInterval" name="test_significant_volume_bypasses_soft_min" time="0.003" /><testcase classname="tests.unit.test_ai_throttler_v3.TestMinInterval" name="test_call_after_soft_min_allowed" time="0.005" /><testcase classname="tests.unit.test_ai_throttler_v3.TestPriorityEvents" name="test_exhaustion_bypasses_soft_interval" time="0.004" /><testcase classname="tests.unit.test_ai_throttler_v3.TestPriorityEvents" name="test_absorption_bypasses_soft_interval" time="0.005" /><testcase classname="tests.unit.test_ai_throttler_v3.TestPriorityEvents" name="test_priority_event_still_respects_hard_min" time="0.004" /><testcase classname="tests.unit.test_ai_throttler_v3.TestRateLimit" name="test_429_blocks_subsequent_calls" time="0.004" /><testcase classname="tests.unit.test_ai_throttler_v3.TestRateLimit" name="test_429_blocks_even_priority_events" time="0.004" /><testcase classname="tests.unit.test_ai_throttler_v3.TestRateLimit" name="test_429_cooldown_expires" time="0.003" /><testcase classname="tests.unit.test_ai_throttler_v3.TestRateLimit" name="test_429_consecutive_increases_cooldown" time="0.004" /><testcase classname="tests.unit.test_ai_throttler_v3.TestRateLimit" name="test_429_max_cooldown_capped" time="0.010" /><testcase classname="tests.unit.test_ai_throttler_v3.TestRateLimit" name="test_success_resets_consecutive_429s" time="0.003" /><testcase classname="tests.unit.test_ai_throttler_v3.TestDailyBudget" name="test_budget_blocks_when_exhausted" time="0.004" /><testcase classname="tests.unit.test_ai_throttler_v3.TestDailyBudget" name="test_budget_allows_when_available" time="0.003" /><testcase classname="tests.unit.test_ai_throttler_v3.TestDailyBudget" name="test_record_call_decrements_budget" time="0.004" /><testcase classname="tests.unit.test_ai_throttler_v3.TestDailyBudget" name="test_record_call_uses_estimate_when_zero" time="0.004" /><testcase classname="tests.unit.test_ai_throttler_v3.TestDailyBudget" name="test_daily_reset" time="0.004" /><testcase classname="tests.unit.test_ai_throttler_v3.TestHourlyLimit" name="test_hourly_limit_blocks" time="0.003" /><testcase classname="tests.unit.test_ai_throttler_v3.TestHourlyLimit" name="test_hourly_resets_after_3600s" time="0.002" /><testcase classname="tests.unit.test_ai_throttler_v3.TestMaintenance" name="test_maintenance_call_after_5_skips" time="0.002" /><testcase classname="tests.unit.test_ai_throttler_v3.TestMaintenance" name="test_record_call_resets_skips" time="0.003" /><testcase classname="tests.unit.test_ai_throttler_v3.TestParseRetryAfter" name="test_parse_minutes_and_seconds" time="0.004" /><testcase classname="tests.unit.test_ai_throttler_v3.TestParseRetryAfter" name="test_parse_large_minutes" time="0.002" /><testcase classname="tests.unit.test_ai_throttler_v3.TestParseRetryAfter" name="test_parse_seconds_only" time="0.003" /><testcase classname="tests.unit.test_ai_throttler_v3.TestParseRetryAfter" name="test_parse_no_match_returns_default" time="0.002" /><testcase classname="tests.unit.test_ai_throttler_v3.TestSingleton" name="test_get_throttler_returns_same_instance" time="0.003" /><testcase classname="tests.unit.test_ai_throttler_v3.TestSingleton" name="test_reset_throttler_clears_instance" time="0.003" /><testcase classname="tests.unit.test_ai_throttler_v3.TestSingleton" name="test_get_throttler_passes_kwargs_only_first_time" time="0.003" /><testcase classname="tests.unit.test_ai_throttler_v3.TestV2Compatibility" name="test_accepts_dict_payload" time="0.002" /><testcase classname="tests.unit.test_ai_throttler_v3.TestV2Compatibility" name="test_dict_with_priority_event" time="0.003" /><testcase classname="tests.unit.test_ai_throttler_v3.TestV2Compatibility" name="test_none_payload_uses_defaults" time="0.003" /><testcase classname="tests.unit.test_ai_throttler_v3.TestGetStatus" name="test_status_has_all_keys" time="0.002" /><testcase classname="tests.unit.test_ai_throttler_v3.TestGetStatus" name="test_status_reflects_rate_limit" time="0.003" /><testcase classname="tests.unit.test_ai_throttler_v3.TestE2EScenario" name="test_realistic_sequence" time="0.006" /><testcase classname="tests.unit.test_ai_throttler_v3.TestE2EScenario" name="test_429_then_recovery" time="0.004" /><testcase classname="tests.unit.test_architecture_regressions" name="test_build_compact_payload_import_does_not_eager_load_payload_sections" time="0.264" /><testcase classname="tests.unit.test_architecture_regressions" name="test_ai_runner_import_does_not_eager_load_root_ai_modules" time="4.118" /><testcase classname="tests.unit.test_architecture_regressions" name="test_institutional_event_bridge_processes_minimal_event" time="0.004" /><testcase classname="tests.unit.test_circuit_breaker" name="test_circuit_breaker_opens_and_blocks_then_recovers" time="0.254" /><testcase classname="tests.unit.test_circuit_breaker" name="test_half_open_failure_goes_back_to_open" time="0.124" /><testcase classname="tests.unit.test_cross_asset" name="test_correlation_functions" time="0.008" /><testcase classname="tests.unit.test_cross_asset" name="test_btc_eth_correlation" time="1.630" /><testcase classname="tests.unit.test_cross_asset" name="test_btc_macro_correlations" time="0.681" /><testcase classname="tests.unit.test_cross_asset" name="test_all_correlations" time="2.275" /><testcase classname="tests.unit.test_data_invariants.TestDeltaFalsy" name="test_delta_zero_is_valid" time="0.002" /><testcase classname="tests.unit.test_data_invariants.TestDeltaFalsy" name="test_delta_none_recalculates" time="0.002" /><testcase classname="tests.unit.test_data_invariants.TestDeltaFalsy" name="test_delta_missing_recalculates" time="0.001" /><testcase classname="tests.unit.test_data_invariants.TestDeltaFalsy" name="test_delta_positive_preserved" time="0.002" /><testcase classname="tests.unit.test_data_invariants.TestDeltaFalsy" name="test_delta_negative_preserved" time="0.002" /><testcase classname="tests.unit.test_data_invariants.TestDeltaFalsy" name="test_delta_no_volumes_returns_zero" time="0.001" /><testcase classname="tests.unit.test_data_invariants.TestDeltaFalsy" name="test_delta_zero_vs_none_distinction" time="0.001" /><testcase classname="tests.unit.test_data_invariants.TestDeltaFalsy" name="test_delta_false_values_table" time="0.001" /><testcase classname="tests.unit.test_data_invariants.TestVolumeRounding" name="test_exact_volume_ok" time="0.002" /><testcase classname="tests.unit.test_data_invariants.TestVolumeRounding" name="test_tiny_rounding_ok" time="0.002" /><testcase classname="tests.unit.test_data_invariants.TestVolumeRounding" name="test_log_scenario_volume_0001_is_warning" time="0.002" /><testcase classname="tests.unit.test_data_invariants.TestVolumeRounding" name="test_small_rounding_ok" time="0.002" /><testcase classname="tests.unit.test_data_invariants.TestVolumeRounding" name="test_medium_diff_warning" time="0.003" /><testcase classname="tests.unit.test_data_invariants.TestVolumeRounding" name="test_large_diff_error" time="0.002" /><testcase classname="tests.unit.test_data_invariants.TestVolumeRounding" name="test_delta_match_ok" time="0.002" /><testcase classname="tests.unit.test_data_invariants.TestVolumeRounding" name="test_delta_zero_stored_but_nonzero_calculated" time="0.002" /><testcase classname="tests.unit.test_data_invariants.TestVolumeRounding" name="test_delta_small_diff_accepted" time="0.002" /><testcase classname="tests.unit.test_data_invariants.TestVolumeRounding" name="test_float_precision_edge_cases" time="0.002" /><testcase classname="tests.unit.test_data_invariants.TestQualityRate" name="test_whale_corrections_excluded" time="0.002" /><testcase classname="tests.unit.test_data_invariants.TestQualityRate" name="test_all_whale_rate_zero" time="0.002" /><testcase classname="tests.unit.test_data_invariants.TestQualityRate" name="test_no_corrections_rate_zero" time="0.002" /><testcase classname="tests.unit.test_data_invariants.TestQualityRate" name="test_scenario_from_logs" time="0.002" /><testcase classname="tests.unit.test_data_invariants.TestQualityRate" name="test_scenario_from_logs_window_22" time="0.003" /><testcase classname="tests.unit.test_data_invariants.TestQualityRate" name="test_high_problematic_rate_triggers_warning" time="0.001" /><testcase classname="tests.unit.test_data_invariants.TestQualityRate" name="test_very_high_rate_triggers_error" time="0.002" /><testcase classname="tests.unit.test_data_invariants.TestQualityRate" name="test_zero_events_safe" time="0.002" /><testcase classname="tests.unit.test_data_invariants.TestQualityRate" name="test_mixed_corrections_realistic" time="0.002" /><testcase classname="tests.unit.test_data_invariants.TestDeltaQualityIntegration" name="test_normal_window_no_correction" time="0.003" /><testcase classname="tests.unit.test_data_invariants.TestDeltaQualityIntegration" name="test_zero_delta_preserved" time="0.002" /><testcase classname="tests.unit.test_data_invariants.TestDeltaQualityIntegration" name="test_none_delta_recalculated" time="0.002" /><testcase classname="tests.unit.test_data_invariants.TestDeltaQualityIntegration" name="test_wrong_delta_corrected" time="0.001" /><testcase classname="tests.unit.test_data_quality_validator" name="test_detect_anomalies_basic" time="0.002" /><testcase classname="tests.unit.test_data_quality_validator" name="test_detect_anomalies_no_anomalies" time="0.003" /><testcase classname="tests.unit.test_data_quality_validator" name="test_detect_anomalies_with_anomalies" time="0.002" /><testcase classname="tests.unit.test_data_validator" name="test_whale_volume_exceeds_total_should_fail" time="0.005" /><testcase classname="tests.unit.test_data_validator" name="test_whale_volume_within_limits_should_pass" time="0.004" /><testcase classname="tests.unit.test_data_validator" name="test_whale_volume_with_fluxo_continuo_bypasses_check" time="0.005" /><testcase classname="tests.unit.test_data_validator" name="test_timestamp_future_should_be_rejected" time="0.003" /><testcase classname="tests.unit.test_data_validator" name="test_timestamp_past_should_be_rejected" time="0.003" /><testcase classname="tests.unit.test_data_validator" name="test_delta_inconsistent_should_be_corrected" time="0.005" /><testcase classname="tests.unit.test_data_validator" name="test_delta_enriched_snapshot_also_corrected" time="0.003" /><testcase classname="tests.unit.test_data_validator" name="test_duplicate_events_should_be_ignored" time="0.003" /><testcase classname="tests.unit.test_data_validator" name="test_similar_but_different_events_should_pass" time="0.003" /><testcase classname="tests.unit.test_data_validator" name="test_invalid_window_missing_timestamp_should_be_rejected" time="0.003" /><testcase classname="tests.unit.test_data_validator" name="test_event_with_timestamp_utc_should_pass" time="0.002" /><testcase classname="tests.unit.test_data_validator" name="test_precision_corrections_btc_fields" time="0.005" /><testcase classname="tests.unit.test_data_validator" name="test_precision_whale_volumes" time="0.007" /><testcase classname="tests.unit.test_data_validator" name="test_temporal_consistency_in_order_events" time="0.003" /><testcase classname="tests.unit.test_data_validator" name="test_temporal_consistency_out_of_order_within_tolerance" time="0.003" /><testcase classname="tests.unit.test_data_validator" name="test_temporal_consistency_out_of_order_exceeds_tolerance" time="0.005" /><testcase classname="tests.unit.test_data_validator" name="test_correction_stats_tracking" time="0.003" /><testcase classname="tests.unit.test_defense_zones" name="test_defense_zone_detector_initialization" time="0.002" /><testcase classname="tests.unit.test_defense_zones" name="test_defense_zone_detector_with_minimal_data" time="0.003" /><testcase classname="tests.unit.test_defense_zones" name="test_defense_zone_detector_with_empty_data" time="0.001" /><testcase classname="tests.unit.test_defense_zones" name="test_defense_zone_detector_with_invalid_price" time="0.001" /><testcase classname="tests.unit.test_defense_zones" name="test_defense_zone_detector_custom_parameters" time="0.002" /><testcase classname="tests.unit.test_event_bus" name="test_subscribe_and_publish_single" time="0.408" /><testcase classname="tests.unit.test_event_bus" name="test_multiple_subscribers" time="0.410" /><testcase classname="tests.unit.test_event_bus" name="test_different_topics" time="0.411" /><testcase classname="tests.unit.test_event_bus" name="test_publish_no_subscribers" time="0.308" /><testcase classname="tests.unit.test_event_bus" name="test_callback_data_integrity_and_normalization" time="0.411" /><testcase classname="tests.unit.test_event_bus" name="test_shutdown_behavior" time="0.613" /><testcase classname="tests.unit.test_event_bus" name="test_deduplication" time="0.408" /><testcase classname="tests.unit.test_event_bus" name="test_normalization_bypass" time="0.410" /><testcase classname="tests.unit.test_flow_analyzer.TestUtilFunctions" name="test_to_decimal_from_int" time="0.002" /><testcase classname="tests.unit.test_flow_analyzer.TestUtilFunctions" name="test_to_decimal_from_string" time="0.002" /><testcase classname="tests.unit.test_flow_analyzer.TestUtilFunctions" name="test_to_decimal_from_none" time="0.002" /><testcase classname="tests.unit.test_flow_analyzer.TestUtilFunctions" name="test_to_decimal_from_float" time="0.002" /><testcase classname="tests.unit.test_flow_analyzer.TestUtilFunctions" name="test_to_decimal_from_decimal" time="0.003" /><testcase classname="tests.unit.test_flow_analyzer.TestUtilFunctions" name="test_to_decimal_invalid_returns_zero" time="0.003" /><testcase classname="tests.unit.test_flow_analyzer.TestUISafeRoundBTC" name="test_invariance_basic" time="0.003" /><testcase classname="tests.unit.test_flow_analyzer.TestUISafeRoundBTC" name="test_invariance_zero_values" time="0.002" /><testcase classname="tests.unit.test_flow_analyzer.TestUISafeRoundBTC" name="test_invariance_large_values" time="0.002" /><testcase classname="tests.unit.test_flow_analyzer.TestUISafeRoundBTC" name="test_invariance_negative_handling" time="0.002" /><testcase classname="tests.unit.test_flow_analyzer.TestAbsorptionClassification" name="test_classificar_absorcao_por_delta[-10.0-1.0-Absor\xe7\xe3o de Compra]" time="0.003" /><testcase classname="tests.unit.test_flow_analyzer.TestAbsorptionClassification" name="test_classificar_absorcao_por_delta[10.0-1.0-Absor\xe7\xe3o de Venda]" time="0.003" /><testcase classname="tests.unit.test_flow_analyzer.TestAbsorptionClassification" name="test_classificar_absorcao_por_delta[0.5-1.0-Neutra]" time="0.003" /><testcase classname="tests.unit.test_flow_analyzer.TestAbsorptionClassification" name="test_classificar_absorcao_por_delta[-0.5-1.0-Neutra]" time="0.003" /><testcase classname="tests.unit.test_flow_analyzer.TestAbsorptionClassification" name="test_classificar_absorcao_por_delta[0.0-1.0-Neutra]" time="0.003" /><testcase classname="tests.unit.test_flow_analyzer.TestAbsorptionClassification" name="test_classificar_absorcao_por_delta[-1.0-1.0-Neutra]" time="0.004" /><testcase classname="tests.unit.test_flow_analyzer.TestAbsorptionClassification" name="test_classificar_absorcao_por_delta[1.0-1.0-Neutra]" time="0.002" /><testcase classname="tests.unit.test_flow_analyzer.TestAbsorptionClassification" name="test_classificar_absorcao_por_delta[-1.01-1.0-Absor\xe7\xe3o de Compra]" time="0.003" /><testcase classname="tests.unit.test_flow_analyzer.TestAbsorptionClassification" name="test_classificar_absorcao_por_delta[1.01-1.0-Absor\xe7\xe3o de Venda]" time="0.003" /><testcase classname="tests.unit.test_flow_analyzer.TestAbsorptionClassification" name="test_classificar_absorcao_contextual_compra" time="0.004" /><testcase classname="tests.unit.test_flow_analyzer.TestAbsorptionClassification" name="test_classificar_absorcao_contextual_venda" time="0.004" /><testcase classname="tests.unit.test_flow_analyzer.TestAbsorptionClassification" name="test_classificar_absorcao_contextual_neutra_movimento_normal" time="0.002" /><testcase classname="tests.unit.test_flow_analyzer.TestAbsorptionClassification" name="test_classificar_absorcao_contextual_neutra_delta_pequeno" time="0.004" /><testcase classname="tests.unit.test_flow_analyzer.TestFlowAnalyzerState" name="test_initial_state" time="0.003" /><testcase classname="tests.unit.test_flow_analyzer.TestFlowAnalyzerState" name="test_process_trade_cvd_calculation" time="0.004" /><testcase classname="tests.unit.test_flow_analyzer.TestFlowAnalyzerState" name="test_process_trade_whale_detection" time="0.004" /><testcase classname="tests.unit.test_flow_analyzer.TestFlowAnalyzerState" name="test_process_trade_invalid_trade" time="0.002" /><testcase classname="tests.unit.test_flow_analyzer.TestFlowAnalyzerState" name="test_process_trade_batch" time="0.003" /><testcase classname="tests.unit.test_flow_analyzer.TestFlowAnalyzerState" name="test_health_check" time="0.003" /><testcase classname="tests.unit.test_flow_analyzer.TestFlowMetrics" name="test_get_flow_metrics_structure" time="0.004" /><testcase classname="tests.unit.test_flow_analyzer.TestFlowMetrics" name="test_get_flow_metrics_values" time="0.005" /><testcase classname="tests.unit.test_flow_analyzer.TestDynamicConfig" name="test_update_config_whale_threshold" time="0.003" /><testcase classname="tests.unit.test_flow_analyzer.TestDynamicConfig" name="test_update_config_invalid_value" time="0.003" /><testcase classname="tests.unit.test_flow_analyzer.TestDynamicConfig" name="test_update_config_absorcao_eps" time="0.003" /><testcase classname="tests.unit.test_flow_analyzer.TestDynamicConfig" name="test_update_config_guard_mode" time="0.003" /><testcase classname="tests.unit.test_flow_analyzer.TestDynamicConfig" name="test_update_config_invalid_guard_mode" time="0.003" /><testcase classname="tests.unit.test_institutional_absorption.TestAbsorptionInit" name="test_default" time="0.002" /><testcase classname="tests.unit.test_institutional_absorption.TestAbsorptionInit" name="test_invalid_window" time="0.002" /><testcase classname="tests.unit.test_institutional_absorption.TestAbsorptionDetection" name="test_no_detection_without_baseline" time="0.002" /><testcase classname="tests.unit.test_institutional_absorption.TestAbsorptionDetection" name="test_absorption_detected_high_volume_low_range" time="0.004" /><testcase classname="tests.unit.test_institutional_absorption.TestAbsorptionZones" name="test_empty_zones" time="0.003" /><testcase classname="tests.unit.test_institutional_absorption.TestAbsorptionZones" name="test_recent_events" time="0.002" /><testcase classname="tests.unit.test_institutional_absorption.TestAbsorptionAnalysis" name="test_analyze_empty" time="0.002" /><testcase classname="tests.unit.test_institutional_absorption.TestAbsorptionReset" name="test_reset" time="0.003" /><testcase classname="tests.unit.test_institutional_base.TestTrade" name="test_creation" time="0.002" /><testcase classname="tests.unit.test_institutional_base.TestTrade" name="test_auto_value_usd" time="0.002" /><testcase classname="tests.unit.test_institutional_base.TestTrade" name="test_custom_value_usd" time="0.002" /><testcase classname="tests.unit.test_institutional_base.TestOrderBookSnapshot" name="test_empty_snapshot" time="0.002" /><testcase classname="tests.unit.test_institutional_base.TestOrderBookSnapshot" name="test_with_levels" time="0.002" /><testcase classname="tests.unit.test_institutional_base.TestOrderBookSnapshot" name="test_spread_bps" time="0.002" /><testcase classname="tests.unit.test_institutional_base.TestSignal" name="test_to_dict" time="0.002" /><testcase classname="tests.unit.test_institutional_base.TestAnalysisResult" name="test_to_dict" time="0.002" /><testcase classname="tests.unit.test_institutional_base.TestExceptions" name="test_hierarchy" time="0.002" /><testcase classname="tests.unit.test_institutional_base.TestExceptions" name="test_raise_catch" time="0.001" /><testcase classname="tests.unit.test_institutional_base.TestExceptions" name="test_error_message" time="0.002" /><testcase classname="tests.unit.test_institutional_base.TestEnums" name="test_side_values" time="0.002" /><testcase classname="tests.unit.test_institutional_base.TestEnums" name="test_regime_values" time="0.002" /><testcase classname="tests.unit.test_institutional_base.TestEnums" name="test_strength_values" time="0.002" /><testcase classname="tests.unit.test_institutional_confluence.TestConfluenceInit" name="test_default" time="0.002" /><testcase classname="tests.unit.test_institutional_confluence.TestConfluenceInit" name="test_custom_weights" time="0.001" /><testcase classname="tests.unit.test_institutional_confluence.TestConfluenceAddResult" name="test_add_single" time="0.001" /><testcase classname="tests.unit.test_institutional_confluence.TestConfluenceAddResult" name="test_add_multiple" time="0.001" /><testcase classname="tests.unit.test_institutional_confluence.TestConfluenceCalculation" name="test_empty" time="0.001" /><testcase classname="tests.unit.test_institutional_confluence.TestConfluenceCalculation" name="test_all_buy" time="0.001" /><testcase classname="tests.unit.test_institutional_confluence.TestConfluenceCalculation" name="test_all_sell" time="0.002" /><testcase classname="tests.unit.test_institutional_confluence.TestConfluenceCalculation" name="test_mixed_signals_neutral" time="0.002" /><testcase classname="tests.unit.test_institutional_confluence.TestConfluenceCalculation" name="test_weighted_scoring" time="0.002" /><testcase classname="tests.unit.test_institutional_confluence.TestConfluenceStrength" name="test_strong_confluence" time="0.001" /><testcase classname="tests.unit.test_institutional_confluence.TestConfluenceLayerSummary" name="test_layer_summary" time="0.002" /><testcase classname="tests.unit.test_institutional_confluence.TestConfluenceAnalysis" name="test_analyze_empty" time="0.002" /><testcase classname="tests.unit.test_institutional_confluence.TestConfluenceAnalysis" name="test_analyze_with_data" time="0.002" /><testcase classname="tests.unit.test_institutional_confluence.TestConfluenceReset" name="test_reset" time="0.002" /><testcase classname="tests.unit.test_institutional_cot.TestCOTInit" name="test_default" time="0.002" /><testcase classname="tests.unit.test_institutional_cot.TestCOTAddData" name="test_add_single" time="0.002" /><testcase classname="tests.unit.test_institutional_cot.TestCOTFundingAnalysis" name="test_extreme_positive_funding" time="0.002" /><testcase classname="tests.unit.test_institutional_cot.TestCOTFundingAnalysis" name="test_extreme_negative_funding" time="0.002" /><testcase classname="tests.unit.test_institutional_cot.TestCOTFundingAnalysis" name="test_normal_funding_no_signal" time="0.002" /><testcase classname="tests.unit.test_institutional_cot.TestCOTOIAnalysis" name="test_oi_confirming_uptrend" time="0.002" /><testcase classname="tests.unit.test_institutional_cot.TestCOTSqueeze" name="test_short_squeeze_conditions" time="0.002" /><testcase classname="tests.unit.test_institutional_cot.TestCOTSqueeze" name="test_long_squeeze_conditions" time="0.001" /><testcase classname="tests.unit.test_institutional_cot.TestCOTAnalysis" name="test_analyze_empty" time="0.002" /><testcase classname="tests.unit.test_institutional_cot.TestCOTAnalysis" name="test_analyze_complete" time="0.002" /><testcase classname="tests.unit.test_institutional_cot.TestCOTReset" name="test_reset" time="0.002" /><testcase classname="tests.unit.test_institutional_cvd.TestCVDAnalyzerInit" name="test_default_init" time="0.001" /><testcase classname="tests.unit.test_institutional_cvd.TestCVDAnalyzerInit" name="test_custom_init" time="0.002" /><testcase classname="tests.unit.test_institutional_cvd.TestCVDAnalyzerInit" name="test_invalid_interval_raises" time="0.002" /><testcase classname="tests.unit.test_institutional_cvd.TestCVDAnalyzerInit" name="test_invalid_max_bars_raises" time="0.003" /><testcase classname="tests.unit.test_institutional_cvd.TestCVDProcessTrade" name="test_single_trade_no_bar" time="0.002" /><testcase classname="tests.unit.test_institutional_cvd.TestCVDProcessTrade" name="test_bar_completes_after_interval" time="0.002" /><testcase classname="tests.unit.test_institutional_cvd.TestCVDProcessTrade" name="test_cumulative_delta_accumulates" time="0.001" /><testcase classname="tests.unit.test_institutional_cvd.TestCVDProcessTrade" name="test_process_trades_batch" time="0.002" /><testcase classname="tests.unit.test_institutional_cvd.TestCVDCurrentDelta" name="test_current_delta" time="0.002" /><testcase classname="tests.unit.test_institutional_cvd.TestCVDCurrentDelta" name="test_current_cvd_includes_open_bar" time="0.003" /><testcase classname="tests.unit.test_institutional_cvd.TestCVDDivergences" name="test_no_divergence_with_few_bars" time="0.002" /><testcase classname="tests.unit.test_institutional_cvd.TestCVDDivergences" name="test_bullish_divergence" time="0.002" /><testcase classname="tests.unit.test_institutional_cvd.TestCVDAnalysis" name="test_analyze_empty" time="0.002" /><testcase classname="tests.unit.test_institutional_cvd.TestCVDAnalysis" name="test_analyze_with_data" time="0.002" /><testcase classname="tests.unit.test_institutional_cvd.TestCVDAnalysis" name="test_strong_buy_pressure_signal" time="0.002" /><testcase classname="tests.unit.test_institutional_cvd.TestCVDReset" name="test_reset_clears_state" time="0.003" /><testcase classname="tests.unit.test_institutional_entropy.TestEntropyInit" name="test_default" time="0.002" /><testcase classname="tests.unit.test_institutional_entropy.TestEntropyInit" name="test_invalid_bins" time="0.002" /><testcase classname="tests.unit.test_institutional_entropy.TestEntropyInit" name="test_invalid_window" time="0.002" /><testcase classname="tests.unit.test_institutional_entropy.TestEntropyCalculation" name="test_insufficient_data" time="0.002" /><testcase classname="tests.unit.test_institutional_entropy.TestEntropyCalculation" name="test_constant_price_low_entropy" time="0.003" /><testcase classname="tests.unit.test_institutional_entropy.TestEntropyCalculation" name="test_varied_returns_higher_entropy" time="0.004" /><testcase classname="tests.unit.test_institutional_entropy.TestEntropyTrend" name="test_trend_unknown_few_data" time="0.002" /><testcase classname="tests.unit.test_institutional_entropy.TestEntropyTrend" name="test_trend_with_data" time="0.007" /><testcase classname="tests.unit.test_institutional_entropy.TestEntropyAnalysis" name="test_analyze_empty" time="0.001" /><testcase classname="tests.unit.test_institutional_entropy.TestEntropyAnalysis" name="test_analyze_with_data" time="0.004" /><testcase classname="tests.unit.test_institutional_entropy.TestEntropyReset" name="test_reset" time="0.002" /><testcase classname="tests.unit.test_institutional_footprint.TestFootprintLevel" name="test_delta" time="0.001" /><testcase classname="tests.unit.test_institutional_footprint.TestFootprintLevel" name="test_total_volume" time="0.001" /><testcase classname="tests.unit.test_institutional_footprint.TestFootprintLevel" name="test_imbalance_ratio" time="0.002" /><testcase classname="tests.unit.test_institutional_footprint.TestFootprintLevel" name="test_imbalance_no_sell" time="0.002" /><testcase classname="tests.unit.test_institutional_footprint.TestFootprintLevel" name="test_imbalance_no_volume" time="0.002" /><testcase classname="tests.unit.test_institutional_footprint.TestFootprintAnalyzerInit" name="test_default_init" time="0.001" /><testcase classname="tests.unit.test_institutional_footprint.TestFootprintAnalyzerInit" name="test_invalid_tick_size" time="0.002" /><testcase classname="tests.unit.test_institutional_footprint.TestFootprintAnalyzerInit" name="test_invalid_interval" time="0.002" /><testcase classname="tests.unit.test_institutional_footprint.TestFootprintProcessing" name="test_single_trade_no_bar" time="0.002" /><testcase classname="tests.unit.test_institutional_footprint.TestFootprintProcessing" name="test_bar_closes_after_interval" time="0.002" /><testcase classname="tests.unit.test_institutional_footprint.TestFootprintProcessing" name="test_price_levels_separated" time="0.003" /><testcase classname="tests.unit.test_institutional_footprint.TestFootprintProcessing" name="test_poc_price" time="0.002" /><testcase classname="tests.unit.test_institutional_footprint.TestFootprintProcessing" name="test_batch_processing" time="0.002" /><testcase classname="tests.unit.test_institutional_footprint.TestFootprintImbalances" name="test_get_imbalances" time="0.002" /><testcase classname="tests.unit.test_institutional_footprint.TestFootprintImbalances" name="test_detect_stacked_imbalances" time="0.003" /><testcase classname="tests.unit.test_institutional_footprint.TestFootprintAnalysis" name="test_analyze_empty" time="0.003" /><testcase classname="tests.unit.test_institutional_footprint.TestFootprintAnalysis" name="test_analyze_with_data" time="0.002" /><testcase classname="tests.unit.test_institutional_footprint.TestFootprintReset" name="test_reset" time="0.001" /><testcase classname="tests.unit.test_institutional_fourier.TestFourierInit" name="test_default" time="0.002" /><testcase classname="tests.unit.test_institutional_fourier.TestFourierInit" name="test_invalid_period" time="0.001" /><testcase classname="tests.unit.test_institutional_fourier.TestFourierInit" name="test_invalid_window" time="0.001" /><testcase classname="tests.unit.test_institutional_fourier.TestFourierCalculation" name="test_insufficient_data" time="0.001" /><testcase classname="tests.unit.test_institutional_fourier.TestFourierCalculation" name="test_sine_wave_detection" time="0.010" /><testcase classname="tests.unit.test_institutional_fourier.TestFourierCalculation" name="test_cycle_strength" time="0.004" /><testcase classname="tests.unit.test_institutional_fourier.TestFourierAnalysis" name="test_analyze_empty" time="0.002" /><testcase classname="tests.unit.test_institutional_fourier.TestFourierAnalysis" name="test_analyze_with_cycles" time="0.005" /><testcase classname="tests.unit.test_institutional_fourier.TestFourierReset" name="test_reset" time="0.002" /><testcase classname="tests.unit.test_institutional_garch.TestGARCHInit" name="test_default" time="0.001" /><testcase classname="tests.unit.test_institutional_garch.TestGARCHInit" name="test_invalid_alpha_beta" time="0.002" /><testcase classname="tests.unit.test_institutional_garch.TestGARCHInit" name="test_invalid_omega" time="0.002" /><testcase classname="tests.unit.test_institutional_garch.TestGARCHInit" name="test_long_run_variance" time="0.002" /><testcase classname="tests.unit.test_institutional_garch.TestGARCHUpdate" name="test_first_price_returns_none" time="0.002" /><testcase classname="tests.unit.test_institutional_garch.TestGARCHUpdate" name="test_second_price_initializes" time="0.002" /><testcase classname="tests.unit.test_institutional_garch.TestGARCHUpdate" name="test_variance_updates" time="0.003" /><testcase classname="tests.unit.test_institutional_garch.TestGARCHUpdate" name="test_stable_prices_low_volatility" time="0.003" /><testcase classname="tests.unit.test_institutional_garch.TestGARCHForecast" name="test_forecast" time="0.002" /><testcase classname="tests.unit.test_institutional_garch.TestGARCHForecast" name="test_forecast_converges_to_long_run" time="0.003" /><testcase classname="tests.unit.test_institutional_garch.TestGARCHRegime" name="test_regime_unknown_before_init" time="0.002" /><testcase classname="tests.unit.test_institutional_garch.TestGARCHRegime" name="test_regime_classification" time="0.002" /><testcase classname="tests.unit.test_institutional_garch.TestGARCHAnalysis" name="test_analyze_no_data" time="0.001" /><testcase classname="tests.unit.test_institutional_garch.TestGARCHAnalysis" name="test_analyze_with_data" time="0.002" /><testcase classname="tests.unit.test_institutional_garch.TestGARCHReset" name="test_reset" time="0.002" /><testcase classname="tests.unit.test_institutional_hmm.TestHMMInit" name="test_default" time="0.002" /><testcase classname="tests.unit.test_institutional_hmm.TestHMMInit" name="test_invalid_states" time="0.002" /><testcase classname="tests.unit.test_institutional_hmm.TestHMMUpdate" name="test_first_price_returns_none" time="0.002" /><testcase classname="tests.unit.test_institutional_hmm.TestHMMUpdate" name="test_needs_window_of_data" time="0.002" /><testcase classname="tests.unit.test_institutional_hmm.TestHMMUpdate" name="test_returns_state_after_window" time="0.004" /><testcase classname="tests.unit.test_institutional_hmm.TestHMMUpdate" name="test_uptrend_classified_as_bull" time="0.004" /><testcase classname="tests.unit.test_institutional_hmm.TestHMMUpdate" name="test_downtrend_classified_as_bear" time="0.005" /><testcase classname="tests.unit.test_institutional_hmm.TestHMMTransitionMatrix" name="test_transition_matrix_shape" time="0.005" /><testcase classname="tests.unit.test_institutional_hmm.TestHMMPrediction" name="test_predict_next_state" time="0.006" /><testcase classname="tests.unit.test_institutional_hmm.TestHMMRegimeInfo" name="test_regime_info" time="0.004" /><testcase classname="tests.unit.test_institutional_hmm.TestHMMAnalysis" name="test_analyze_no_data" time="0.002" /><testcase classname="tests.unit.test_institutional_hmm.TestHMMAnalysis" name="test_analyze_with_data" time="0.005" /><testcase classname="tests.unit.test_institutional_hmm.TestHMMReset" name="test_reset" time="0.002" /><testcase classname="tests.unit.test_institutional_hurst.TestHurstInit" name="test_default" time="0.003" /><testcase classname="tests.unit.test_institutional_hurst.TestHurstInit" name="test_invalid_samples" time="0.002" /><testcase classname="tests.unit.test_institutional_hurst.TestHurstCalculation" name="test_insufficient_data" time="0.002" /><testcase classname="tests.unit.test_institutional_hurst.TestHurstCalculation" name="test_random_walk_hurst_near_05" time="0.099" /><testcase classname="tests.unit.test_institutional_hurst.TestHurstCalculation" name="test_trending_hurst_above_05" time="0.112" /><testcase classname="tests.unit.test_institutional_hurst.TestHurstCalculation" name="test_result_has_regime" time="0.031" /><testcase classname="tests.unit.test_institutional_hurst.TestHurstCalculation" name="test_add_price_single" time="0.003" /><testcase classname="tests.unit.test_institutional_hurst.TestHurstAnalysis" name="test_analyze_insufficient_data" time="0.003" /><testcase classname="tests.unit.test_institutional_hurst.TestHurstAnalysis" name="test_analyze_with_data" time="0.028" /><testcase classname="tests.unit.test_institutional_hurst.TestHurstAnalysis" name="test_analyze_includes_strategy" time="0.026" /><testcase classname="tests.unit.test_institutional_hurst.TestHurstReset" name="test_reset" time="0.002" /><testcase classname="tests.unit.test_institutional_iceberg.TestIcebergInit" name="test_default" time="0.002" /><testcase classname="tests.unit.test_institutional_iceberg.TestIcebergInit" name="test_invalid_refills" time="0.002" /><testcase classname="tests.unit.test_institutional_iceberg.TestIcebergDetection" name="test_first_snapshot_no_detection" time="0.002" /><testcase classname="tests.unit.test_institutional_iceberg.TestIcebergDetection" name="test_normal_orderbook_changes" time="0.003" /><testcase classname="tests.unit.test_institutional_iceberg.TestIcebergDetection" name="test_iceberg_pattern" time="0.003" /><testcase classname="tests.unit.test_institutional_iceberg.TestIcebergAnalysis" name="test_analyze_empty" time="0.002" /><testcase classname="tests.unit.test_institutional_iceberg.TestIcebergAnalysis" name="test_analyze_with_snapshots" time="0.002" /><testcase classname="tests.unit.test_institutional_iceberg.TestIcebergReset" name="test_reset" time="0.003" /><testcase classname="tests.unit.test_institutional_kalman.TestKalmanInit" name="test_default_init" time="0.002" /><testcase classname="tests.unit.test_institutional_kalman.TestKalmanInit" name="test_first_update_initializes" time="0.002" /><testcase classname="tests.unit.test_institutional_kalman.TestKalmanFiltering" name="test_follows_trend" time="0.003" /><testcase classname="tests.unit.test_institutional_kalman.TestKalmanFiltering" name="test_filters_noise" time="0.004" /><testcase classname="tests.unit.test_institutional_kalman.TestKalmanFiltering" name="test_velocity_positive_in_uptrend" time="0.002" /><testcase classname="tests.unit.test_institutional_kalman.TestKalmanFiltering" name="test_velocity_negative_in_downtrend" time="0.002" /><testcase classname="tests.unit.test_institutional_kalman.TestKalmanTrend" name="test_trend_direction_up" time="0.002" /><testcase classname="tests.unit.test_institutional_kalman.TestKalmanTrend" name="test_trend_direction_down" time="0.003" /><testcase classname="tests.unit.test_institutional_kalman.TestKalmanTrend" name="test_trend_direction_flat" time="0.003" /><testcase classname="tests.unit.test_institutional_kalman.TestKalmanTrend" name="test_trend_strength" time="0.003" /><testcase classname="tests.unit.test_institutional_kalman.TestKalmanPrediction" name="test_predict_returns_list" time="0.005" /><testcase classname="tests.unit.test_institutional_kalman.TestKalmanPrediction" name="test_predict_uninitialized" time="0.002" /><testcase classname="tests.unit.test_institutional_kalman.TestKalmanPrediction" name="test_predict_uptrend_increasing" time="0.003" /><testcase classname="tests.unit.test_institutional_kalman.TestKalmanAnalysis" name="test_analyze_not_initialized" time="0.002" /><testcase classname="tests.unit.test_institutional_kalman.TestKalmanAnalysis" name="test_analyze_with_data" time="0.003" /><testcase classname="tests.unit.test_institutional_kalman.TestKalmanReset" name="test_reset" time="0.003" /><testcase classname="tests.unit.test_institutional_mean_reversion.TestMeanReversionInit" name="test_default" time="0.003" /><testcase classname="tests.unit.test_institutional_mean_reversion.TestMeanReversionInit" name="test_invalid_lookback" time="0.002" /><testcase classname="tests.unit.test_institutional_mean_reversion.TestMeanReversionCalc" name="test_insufficient_data" time="0.002" /><testcase classname="tests.unit.test_institutional_mean_reversion.TestMeanReversionCalc" name="test_fair_value_around_mean" time="0.002" /><testcase classname="tests.unit.test_institutional_mean_reversion.TestMeanReversionCalc" name="test_overbought_detection" time="0.002" /><testcase classname="tests.unit.test_institutional_mean_reversion.TestMeanReversionCalc" name="test_oversold_detection" time="0.003" /><testcase classname="tests.unit.test_institutional_mean_reversion.TestMeanReversionCalc" name="test_bollinger_bands" time="0.003" /><testcase classname="tests.unit.test_institutional_mean_reversion.TestMeanReversionCalc" name="test_percent_b" time="0.002" /><testcase classname="tests.unit.test_institutional_mean_reversion.TestMeanReversionProbability" name="test_reversion_probability" time="0.002" /><testcase classname="tests.unit.test_institutional_mean_reversion.TestMeanReversionAnalysis" name="test_analyze_empty" time="0.002" /><testcase classname="tests.unit.test_institutional_mean_reversion.TestMeanReversionAnalysis" name="test_analyze_overbought_signal" time="0.002" /><testcase classname="tests.unit.test_institutional_mean_reversion.TestMeanReversionReset" name="test_reset" time="0.002" /><testcase classname="tests.unit.test_institutional_monte_carlo.TestMonteCarloInit" name="test_default" time="0.002" /><testcase classname="tests.unit.test_institutional_monte_carlo.TestMonteCarloInit" name="test_invalid_simulations" time="0.002" /><testcase classname="tests.unit.test_institutional_monte_carlo.TestMonteCarloSimulation" name="test_insufficient_data" time="0.002" /><testcase classname="tests.unit.test_institutional_monte_carlo.TestMonteCarloSimulation" name="test_basic_simulation" time="0.039" /><testcase classname="tests.unit.test_institutional_monte_carlo.TestMonteCarloSimulation" name="test_percentiles_ordered" time="0.239" /><testcase classname="tests.unit.test_institutional_monte_carlo.TestMonteCarloSimulation" name="test_probabilities_valid" time="0.168" /><testcase classname="tests.unit.test_institutional_monte_carlo.TestMonteCarloSimulation" name="test_var_ordering" time="0.082" /><testcase classname="tests.unit.test_institutional_monte_carlo.TestMonteCarloSimulation" name="test_drawdown" time="0.105" /><testcase classname="tests.unit.test_institutional_monte_carlo.TestMonteCarloAnalysis" name="test_analyze_no_data" time="0.001" /><testcase classname="tests.unit.test_institutional_monte_carlo.TestMonteCarloAnalysis" name="test_analyze_with_data" time="0.025" /><testcase classname="tests.unit.test_institutional_monte_carlo.TestMonteCarloReset" name="test_reset" time="0.002" /><testcase classname="tests.unit.test_institutional_ofi.TestOFIInit" name="test_default" time="0.004" /><testcase classname="tests.unit.test_institutional_ofi.TestOFIInit" name="test_invalid_window" time="0.001" /><testcase classname="tests.unit.test_institutional_ofi.TestOFIProcessing" name="test_single_trade_no_bar" time="0.002" /><testcase classname="tests.unit.test_institutional_ofi.TestOFIProcessing" name="test_bar_closes" time="0.002" /><testcase classname="tests.unit.test_institutional_ofi.TestOFIProcessing" name="test_extreme_imbalance_generates_alert" time="0.002" /><testcase classname="tests.unit.test_institutional_ofi.TestOFIProcessing" name="test_no_alert_during_cooldown" time="0.002" /><testcase classname="tests.unit.test_institutional_ofi.TestOFIImbalance" name="test_current_imbalance" time="0.002" /><testcase classname="tests.unit.test_institutional_ofi.TestOFITrend" name="test_trend_strength_insufficient_data" time="0.002" /><testcase classname="tests.unit.test_institutional_ofi.TestOFITrend" name="test_bullish_trend" time="0.002" /><testcase classname="tests.unit.test_institutional_ofi.TestOFIAnalysis" name="test_analyze_empty" time="0.001" /><testcase classname="tests.unit.test_institutional_ofi.TestOFIAnalysis" name="test_analyze_with_data" time="0.002" /><testcase classname="tests.unit.test_institutional_ofi.TestOFIReset" name="test_reset" time="0.002" /><testcase classname="tests.unit.test_institutional_smart_money.TestCandle" name="test_bullish" time="0.002" /><testcase classname="tests.unit.test_institutional_smart_money.TestCandle" name="test_bearish" time="0.002" /><testcase classname="tests.unit.test_institutional_smart_money.TestCandle" name="test_body_size" time="0.002" /><testcase classname="tests.unit.test_institutional_smart_money.TestCandle" name="test_range_size" time="0.002" /><testcase classname="tests.unit.test_institutional_smart_money.TestCandle" name="test_body_ratio" time="0.001" /><testcase classname="tests.unit.test_institutional_smart_money.TestSmartMoneyInit" name="test_default" time="0.001" /><testcase classname="tests.unit.test_institutional_smart_money.TestSmartMoneyInit" name="test_invalid_lookback" time="0.002" /><testcase classname="tests.unit.test_institutional_smart_money.TestFVGDetection" name="test_bullish_fvg" time="0.002" /><testcase classname="tests.unit.test_institutional_smart_money.TestFVGDetection" name="test_bearish_fvg" time="0.002" /><testcase classname="tests.unit.test_institutional_smart_money.TestFVGDetection" name="test_no_fvg_when_overlapping" time="0.002" /><testcase classname="tests.unit.test_institutional_smart_money.TestOrderBlockDetection" name="test_bullish_order_block" time="0.002" /><testcase classname="tests.unit.test_institutional_smart_money.TestMarketStructure" name="test_unknown_structure_few_candles" time="0.002" /><testcase classname="tests.unit.test_institutional_smart_money.TestMarketStructure" name="test_structure_with_data" time="0.003" /><testcase classname="tests.unit.test_institutional_smart_money.TestSmartMoneyAnalysis" name="test_analyze_empty" time="0.002" /><testcase classname="tests.unit.test_institutional_smart_money.TestSmartMoneyAnalysis" name="test_analyze_with_data" time="0.004" /><testcase classname="tests.unit.test_institutional_smart_money.TestSmartMoneyAnalysis" name="test_active_fvgs" time="0.001" /><testcase classname="tests.unit.test_institutional_smart_money.TestSmartMoneyAnalysis" name="test_active_order_blocks" time="0.001" /><testcase classname="tests.unit.test_institutional_smart_money.TestSmartMoneyReset" name="test_reset" time="0.002" /><testcase classname="tests.unit.test_institutional_vwap.TestVWAPCalculator" name="test_empty_vwap" time="0.002" /><testcase classname="tests.unit.test_institutional_vwap.TestVWAPCalculator" name="test_single_data_point" time="0.002" /><testcase classname="tests.unit.test_institutional_vwap.TestVWAPCalculator" name="test_vwap_calculation" time="0.002" /><testcase classname="tests.unit.test_institutional_vwap.TestVWAPCalculator" name="test_vwap_volume_weighted" time="0.002" /><testcase classname="tests.unit.test_institutional_vwap.TestVWAPCalculator" name="test_bands" time="0.003" /><testcase classname="tests.unit.test_institutional_vwap.TestVWAPCalculator" name="test_deviation" time="0.002" /><testcase classname="tests.unit.test_institutional_vwap.TestVWAPCalculator" name="test_reset" time="0.002" /><testcase classname="tests.unit.test_institutional_vwap.TestTWAPCalculator" name="test_empty_twap" time="0.002" /><testcase classname="tests.unit.test_institutional_vwap.TestTWAPCalculator" name="test_twap_calculation" time="0.001" /><testcase classname="tests.unit.test_institutional_vwap.TestTWAPCalculator" name="test_twap_deviation" time="0.001" /><testcase classname="tests.unit.test_institutional_vwap.TestTWAPCalculator" name="test_reset" time="0.001" /><testcase classname="tests.unit.test_institutional_vwap.TestVWAPTWAPAnalyzer" name="test_add_candle" time="0.002" /><testcase classname="tests.unit.test_institutional_vwap.TestVWAPTWAPAnalyzer" name="test_analyze_empty" time="0.003" /><testcase classname="tests.unit.test_institutional_vwap.TestVWAPTWAPAnalyzer" name="test_analyze_with_data" time="0.003" /><testcase classname="tests.unit.test_institutional_vwap.TestVWAPTWAPAnalyzer" name="test_overbought_signal" time="0.004" /><testcase classname="tests.unit.test_institutional_vwap.TestVWAPTWAPAnalyzer" name="test_reset" time="0.002" /><testcase classname="tests.unit.test_institutional_whale.TestWhaleInit" name="test_default" time="0.001" /><testcase classname="tests.unit.test_institutional_whale.TestWhaleInit" name="test_invalid_threshold" time="0.002" /><testcase classname="tests.unit.test_institutional_whale.TestWhaleDetection" name="test_small_trade_not_whale" time="0.001" /><testcase classname="tests.unit.test_institutional_whale.TestWhaleDetection" name="test_large_trade_is_whale" time="0.001" /><testcase classname="tests.unit.test_institutional_whale.TestWhaleDetection" name="test_mega_whale" time="0.001" /><testcase classname="tests.unit.test_institutional_whale.TestWhaleDetection" name="test_institutional" time="0.002" /><testcase classname="tests.unit.test_institutional_whale.TestWhaleActivity" name="test_empty_activity" time="0.002" /><testcase classname="tests.unit.test_institutional_whale.TestWhaleActivity" name="test_activity_with_events" time="0.003" /><testcase classname="tests.unit.test_institutional_whale.TestWhalePressure" name="test_neutral_pressure" time="0.002" /><testcase classname="tests.unit.test_institutional_whale.TestWhalePressure" name="test_bullish_pressure" time="0.003" /><testcase classname="tests.unit.test_institutional_whale.TestWhaleAnalysis" name="test_analyze_empty" time="0.002" /><testcase classname="tests.unit.test_institutional_whale.TestWhaleAnalysis" name="test_analyze_with_data" time="0.002" /><testcase classname="tests.unit.test_institutional_whale.TestWhaleReset" name="test_reset" time="0.003" /><testcase classname="tests.unit.test_ml_bias_monitor.TestBiasDetection" name="test_no_bias_with_insufficient_data" time="0.003" /><testcase classname="tests.unit.test_ml_bias_monitor.TestBiasDetection" name="test_bullish_bias_detected" time="0.003" /><testcase classname="tests.unit.test_ml_bias_monitor.TestBiasDetection" name="test_bearish_bias_detected" time="0.003" /><testcase classname="tests.unit.test_ml_bias_monitor.TestBiasDetection" name="test_mixed_no_bias" time="0.003" /><testcase classname="tests.unit.test_ml_bias_monitor.TestBiasDetection" name="test_bias_resolves_when_mixed" time="0.005" /><testcase classname="tests.unit.test_ml_bias_monitor.TestBiasDetection" name="test_alert_has_features_snapshot" time="0.004" /><testcase classname="tests.unit.test_ml_bias_monitor.TestConfidenceAdjustment" name="test_no_adjustment_without_bias" time="0.003" /><testcase classname="tests.unit.test_ml_bias_monitor.TestConfidenceAdjustment" name="test_no_adjustment_insufficient_data" time="0.002" /><testcase classname="tests.unit.test_ml_bias_monitor.TestConfidenceAdjustment" name="test_adjustment_with_bias" time="0.004" /><testcase classname="tests.unit.test_ml_bias_monitor.TestConfidenceAdjustment" name="test_adjustment_minimum_0_5" time="0.005" /><testcase classname="tests.unit.test_ml_bias_monitor.TestConfidenceAdjustment" name="test_stronger_bias_lower_adjustment" time="0.004" /><testcase classname="tests.unit.test_ml_bias_monitor.TestMacroIncoherence" name="test_bullish_ml_bearish_macro_warns" time="0.005" /><testcase classname="tests.unit.test_ml_bias_monitor.TestMacroIncoherence" name="test_aligned_ml_macro_no_warning" time="0.003" /><testcase classname="tests.unit.test_ml_bias_monitor.TestMacroIncoherence" name="test_no_macro_no_warning" time="0.004" /><testcase classname="tests.unit.test_ml_bias_monitor.TestAlertCooldown" name="test_cooldown_prevents_spam" time="0.004" /><testcase classname="tests.unit.test_ml_bias_monitor.TestAlertCooldown" name="test_no_cooldown_allows_multiple" time="0.010" /><testcase classname="tests.unit.test_ml_bias_monitor.TestStats" name="test_stats_empty" time="0.002" /><testcase classname="tests.unit.test_ml_bias_monitor.TestStats" name="test_stats_with_data" time="0.005" /><testcase classname="tests.unit.test_ml_bias_monitor.TestStats" name="test_stats_has_all_keys" time="0.003" /><testcase classname="tests.unit.test_ml_bias_monitor.TestSingleton" name="test_same_instance" time="0.004" /><testcase classname="tests.unit.test_ml_bias_monitor.TestSingleton" name="test_reset_creates_new" time="0.004" /><testcase classname="tests.unit.test_ml_bias_monitor.TestE2EFromLogs" name="test_12_bullish_windows_detects_bias" time="0.005" /><testcase classname="tests.unit.test_ml_bias_monitor.TestE2EFromLogs" name="test_bias_reduces_confidence_in_hybrid_decision" time="0.006" /><testcase classname="tests.unit.test_ml_bias_monitor.TestPriceTargetsLen" name="test_in_advanced" time="0.003" /><testcase classname="tests.unit.test_ml_bias_monitor.TestPriceTargetsLen" name="test_in_event_root" time="0.003" /><testcase classname="tests.unit.test_ml_bias_monitor.TestPriceTargetsLen" name="test_in_raw_event" time="0.003" /><testcase classname="tests.unit.test_ml_bias_monitor.TestPriceTargetsLen" name="test_as_dict" time="0.002" /><testcase classname="tests.unit.test_ml_bias_monitor.TestPriceTargetsLen" name="test_missing_everywhere" time="0.002" /><testcase classname="tests.unit.test_ml_bias_monitor.TestPriceTargetsLen" name="test_none_value" time="0.002" /><testcase classname="tests.unit.test_ml_frozen_detector.TestMLFrozenDetector" name="test_detect_frozen_from_log_evidence" time="0.027" /><testcase classname="tests.unit.test_ml_frozen_detector.TestMLFrozenDetector" name="test_feature_names_match_model" time="0.036" /><testcase classname="tests.unit.test_ml_frozen_detector.TestMLFrozenDetector" name="test_default_detection_in_features" time="0.003" /><testcase classname="tests.unit.test_orchestrator_adapters" name="test_market_orchestrator_adapter_controls_and_snapshots" time="0.006" /><testcase classname="tests.unit.test_orchestrator_adapters" name="test_enhanced_market_bot_adapter_normalizes_runtime_state" time="0.005" /><testcase classname="tests.unit.test_orchestrator_adapters" name="test_adapter_factory_accepts_market_orchestrator" time="0.002" /><testcase classname="tests.unit.test_orchestrator_adapters" name="test_adapter_factory_accepts_enhanced_market_bot_like_runtime" time="0.002" /><testcase classname="tests.unit.test_orchestrator_adapters" name="test_adapter_factory_rejects_unknown_runtime" time="0.002" /><testcase classname="tests.unit.test_orderbook_analyzer" name="test_validate_snapshot_success" time="0.006" /><testcase classname="tests.unit.test_orderbook_analyzer" name="test_validate_snapshot_stale_data" time="0.004" /><testcase classname="tests.unit.test_orderbook_analyzer" name="test_validate_snapshot_crossed_spread" time="0.004" /><testcase classname="tests.unit.test_orderbook_analyzer" name="test_validate_snapshot_zero_volume" time="0.004" /><testcase classname="tests.unit.test_orderbook_analyzer" name="test_metrics_calculation" time="0.004" /><testcase classname="tests.unit.test_orderbook_analyzer" name="test_market_impact_simulation" time="0.004" /><testcase classname="tests.unit.test_orderbook_analyzer" name="test_analyze_valid_flow" time="0.009" /><testcase classname="tests.unit.test_orderbook_analyzer" name="test_analyze_critical_flags" time="0.009" /><testcase classname="tests.unit.test_orderbook_analyzer" name="test_analyze_fetch_failure" time="0.009" /><testcase classname="tests.unit.test_orderbook_analyzer" name="test_analyze_partial_data_rejection" time="0.006" /><testcase classname="tests.unit.test_orderbook_analyzer" name="test_get_stats" time="0.002" /><testcase classname="tests.unit.test_orderbook_helpers" name="test_to_float_list_basic" time="0.002" /><testcase classname="tests.unit.test_orderbook_helpers" name="test_sum_depth_usd_top_n" time="0.001" /><testcase classname="tests.unit.test_orderbook_helpers" name="test_simulate_market_impact_buy_and_sell" time="0.002" /><testcase classname="tests.unit.test_orderbook_helpers" name="test_detect_walls_simple" time="0.004" /><testcase classname="tests.unit.test_orderbook_helpers" name="test_iceberg_reload_detects_increase" time="0.003" /><testcase classname="tests.unit.test_orderbook_helpers" name="test_iceberg_reload_no_prev" time="0.003" /><testcase classname="tests.unit.test_orderbook_helpers" name="test_detect_anomalies_spread_jump_and_depth_drop" time="0.003" /><testcase classname="tests.unit.test_orderbook_validate_snapshot.TestOrderBookSnapshotValidation" name="test_snapshot_too_old" time="0.002" /><testcase classname="tests.unit.test_orderbook_validate_snapshot.TestOrderBookSnapshotValidation" name="test_snapshot_fresh" time="0.002" /><testcase classname="tests.unit.test_orderbook_validate_snapshot.TestOrderBookSnapshotValidation" name="test_snapshot_validation" time="0.002" /><testcase classname="tests.unit.test_orderbook_validate_snapshot.TestOrderBookSnapshotValidation" name="test_snapshot_with_invalid_data" time="0.002" /><testcase classname="tests.unit.test_orderbook_validate_snapshot.TestOrderBookSnapshotValidation" name="test_snapshot_serialization" time="0.002" /><testcase classname="tests.unit.test_orderbook_validate_snapshot.TestOrderBookSnapshotValidation" name="test_snapshot_from_json" time="0.002" /><testcase classname="tests.unit.test_orderbook_validate_snapshot.TestOrderBookSnapshotValidation" name="test_snapshot_age_validation[1-True]" time="0.003" /><testcase classname="tests.unit.test_orderbook_validate_snapshot.TestOrderBookSnapshotValidation" name="test_snapshot_age_validation[3-True]" time="0.002" /><testcase classname="tests.unit.test_orderbook_validate_snapshot.TestOrderBookSnapshotValidation" name="test_snapshot_age_validation[6-False]" time="0.003" /><testcase classname="tests.unit.test_orderbook_validate_snapshot.TestOrderBookSnapshotValidation" name="test_snapshot_age_validation[10-False]" time="0.002" /><testcase classname="tests.unit.test_passive_aggressive_flow" name="test_passive_aggressive_flow_initialization" time="0.002" /><testcase classname="tests.unit.test_passive_aggressive_flow" name="test_passive_aggressive_flow_with_minimal_data" time="0.002" /><testcase classname="tests.unit.test_passive_aggressive_flow" name="test_passive_aggressive_flow_strong_bearish" time="0.002" /><testcase classname="tests.unit.test_passive_aggressive_flow" name="test_passive_aggressive_flow_buy_absorption" time="0.002" /><testcase classname="tests.unit.test_passive_aggressive_flow" name="test_passive_aggressive_flow_sell_absorption" time="0.002" /><testcase classname="tests.unit.test_passive_aggressive_flow" name="test_passive_aggressive_flow_no_orderbook_data" time="0.002" /><testcase classname="tests.unit.test_passive_aggressive_flow" name="test_passive_aggressive_flow_balanced" time="0.002" /><testcase classname="tests.unit.test_rate_limiter" name="test_rate_limiter_blocks_when_exceeding_calls" time="0.002" /><testcase classname="tests.unit.test_rolling_aggregate.TestRollingAggregateInitialization" name="test_default_initialization" time="0.002" /><testcase classname="tests.unit.test_rolling_aggregate.TestRollingAggregateInitialization" name="test_ohlc_initial_state" time="0.002" /><testcase classname="tests.unit.test_rolling_aggregate.TestRollingAggregateInitialization" name="test_reset" time="0.002" /><testcase classname="tests.unit.test_rolling_aggregate.TestRollingAggregateAddTrade" name="test_add_single_buy_trade" time="0.003" /><testcase classname="tests.unit.test_rolling_aggregate.TestRollingAggregateAddTrade" name="test_add_single_sell_trade" time="0.002" /><testcase classname="tests.unit.test_rolling_aggregate.TestRollingAggregateAddTrade" name="test_add_whale_trade" time="0.002" /><testcase classname="tests.unit.test_rolling_aggregate.TestRollingAggregateAddTrade" name="test_add_non_whale_trade" time="0.002" /><testcase classname="tests.unit.test_rolling_aggregate.TestRollingAggregateAddTrade" name="test_ohlc_single_trade" time="0.003" /><testcase classname="tests.unit.test_rolling_aggregate.TestRollingAggregateAddTrade" name="test_ohlc_multiple_trades" time="0.002" /><testcase classname="tests.unit.test_rolling_aggregate.TestRollingAggregateAddTrade" name="test_reject_out_of_order_trade" time="0.002" /><testcase classname="tests.unit.test_rolling_aggregate.TestRollingAggregatePruning" name="test_prune_subtracts_correctly" time="0.002" /><testcase classname="tests.unit.test_rolling_aggregate.TestRollingAggregatePruning" name="test_prune_updates_ohlc" time="0.002" /><testcase classname="tests.unit.test_rolling_aggregate.TestRollingAggregatePruning" name="test_prune_all" time="0.002" /><testcase classname="tests.unit.test_rolling_aggregate.TestRollingAggregateEviction" name="test_eviction_by_max_trades" time="0.002" /><testcase classname="tests.unit.test_rolling_aggregate.TestRollingAggregateOHLCRecompute" name="test_ohlc_recompute_after_high_removed" time="0.002" /><testcase classname="tests.unit.test_rolling_aggregate.TestRollingAggregateOHLCRecompute" name="test_ohlc_recompute_after_low_removed" time="0.002" /><testcase classname="tests.unit.test_rolling_aggregate.TestRollingAggregateOHLCRecompute" name="test_ohlc_fallback_empty" time="0.002" /><testcase classname="tests.unit.test_rolling_aggregate.TestRollingAggregateOHLCRecompute" name="test_ohlc_fallback_zero" time="0.002" /><testcase classname="tests.unit.test_rolling_aggregate.TestRollingAggregateMetrics" name="test_metrics_structure" time="0.002" /><testcase classname="tests.unit.test_rolling_aggregate.TestRollingAggregateMetrics" name="test_metrics_values" time="0.002" /><testcase classname="tests.unit.test_rolling_aggregate.TestRollingAggregateMetrics" name="test_metrics_sector_agg" time="0.002" /><testcase classname="tests.unit.test_sr_strength.TestSRStrengthScorer" name="test_initialization" time="0.002" /><testcase classname="tests.unit.test_sr_strength.TestSRStrengthScorer" name="test_quick_score_basic" time="0.002" /><testcase classname="tests.unit.test_sr_strength.TestSRStrengthScorer" name="test_score_levels_no_candidates" time="0.002" /><testcase classname="tests.unit.test_sr_strength.TestSRStrengthScorer" name="test_score_levels_invalid_price" time="0.001" /><testcase classname="tests.unit.test_sr_strength.TestSRStrengthScorer" name="test_score_levels_with_basic_data" time="0.012" /><testcase classname="tests.unit.test_sr_strength.TestSRStrengthScorer" name="test_collect_candidates_from_multiple_sources" time="0.002" /><testcase classname="tests.unit.test_sr_strength.TestSRStrengthScorer" name="test_merge_nearby_levels" time="0.001" /><testcase classname="tests.unit.test_sr_strength.TestSRStrengthScorer" name="test_count_touches_with_dataframe" time="0.003" /><testcase classname="tests.unit.test_sr_strength.TestSRStrengthScorer" name="test_count_touches_with_list_of_dicts" time="0.002" /><testcase classname="tests.unit.test_sr_strength.TestSRStrengthScorer" name="test_round_number_candidates" time="0.002" /><testcase classname="tests.unit.test_support_resistance_consolidated.TestValidation" name="test_validate_dataframe_success" time="0.010" /><testcase classname="tests.unit.test_support_resistance_consolidated.TestValidation" name="test_validate_dataframe_missing_columns" time="0.003" /><testcase classname="tests.unit.test_support_resistance_consolidated.TestValidation" name="test_validate_dataframe_insufficient_rows" time="0.006" /><testcase classname="tests.unit.test_support_resistance_consolidated.TestValidation" name="test_validate_dataframe_zero_or_negative_prices" time="0.007" /><testcase classname="tests.unit.test_support_resistance_consolidated.TestValidation" name="test_validate_dataframe_negative_volume" time="0.006" /><testcase classname="tests.unit.test_support_resistance_consolidated.TestValidation" name="test_validate_dataframe_nan_values" time="0.004" /><testcase classname="tests.unit.test_support_resistance_consolidated.TestValidation" name="test_validate_series_success" time="0.003" /><testcase classname="tests.unit.test_support_resistance_consolidated.TestValidation" name="test_validate_series_nan_without_permission" time="0.003" /><testcase classname="tests.unit.test_support_resistance_consolidated.TestValidation" name="test_validate_series_nan_with_permission" time="0.006" /><testcase classname="tests.unit.test_support_resistance_consolidated.TestConfiguration" name="test_sr_config_defaults" time="0.002" /><testcase classname="tests.unit.test_support_resistance_consolidated.TestConfiguration" name="test_sr_config_validation_correct" time="0.002" /><testcase classname="tests.unit.test_support_resistance_consolidated.TestConfiguration" name="test_sr_config_validation_wrong_count" time="0.003" /><testcase classname="tests.unit.test_support_resistance_consolidated.TestConfiguration" name="test_sr_config_validation_wrong_sum" time="0.003" /><testcase classname="tests.unit.test_support_resistance_consolidated.TestConfiguration" name="test_volume_profile_config_defaults" time="0.001" /><testcase classname="tests.unit.test_support_resistance_consolidated.TestConfiguration" name="test_volume_profile_config_custom_values" time="0.002" /><testcase classname="tests.unit.test_support_resistance_consolidated.TestConfiguration" name="test_institutional_config_defaults" time="0.002" /><testcase classname="tests.unit.test_support_resistance_consolidated.TestConfiguration" name="test_monitor_config_defaults" time="0.001" /><testcase classname="tests.unit.test_support_resistance_consolidated.TestInstitutionalSupportResistanceSystem" name="test_initialization_default" time="0.001" /><testcase classname="tests.unit.test_support_resistance_consolidated.TestInstitutionalSupportResistanceSystem" name="test_initialization_custom_config" time="0.002" /><testcase classname="tests.unit.test_support_resistance_consolidated.TestInstitutionalSupportResistanceSystem" name="test_analyze_basic_execution" time="0.042" /><testcase classname="tests.unit.test_support_resistance_consolidated.TestInstitutionalSupportResistanceSystem" name="test_analyze_with_custom_config" time="0.036" /><testcase classname="tests.unit.test_support_resistance_consolidated.TestInstitutionalSupportResistanceSystem" name="test_analyze_constant_price" time="0.033" /><testcase classname="tests.unit.test_support_resistance_consolidated.TestInstitutionalSupportResistanceSystem" name="test_analyze_without_volume" time="0.042" /><testcase classname="tests.unit.test_support_resistance_consolidated.TestInstitutionalSupportResistanceSystem" name="test_analyze_empty_data_handling" time="0.007" /><testcase classname="tests.unit.test_support_resistance_consolidated.TestInstitutionalSupportResistanceSystem" name="test_levels_structure_and_scores" time="0.049" /><testcase classname="tests.unit.test_support_resistance_consolidated.TestInstitutionalSupportResistanceSystem" name="test_volume_profile_structure" time="0.052" /><testcase classname="tests.unit.test_support_resistance_consolidated.TestInstitutionalSupportResistanceSystem" name="test_confluence_analysis_structure" time="0.038" /><testcase classname="tests.unit.test_support_resistance_consolidated.TestInstitutionalSupportResistanceSystem" name="test_consolidated_report_structure" time="0.041" /><testcase classname="tests.unit.test_support_resistance_consolidated.TestInstitutionalSupportResistanceSystem" name="test_context_manager" time="0.046" /><testcase classname="tests.unit.test_support_resistance_consolidated.TestInstitutionalSupportResistanceSystem" name="test_reset_method" time="0.052" /><testcase classname="tests.unit.test_support_resistance_consolidated.TestInstitutionalSupportResistanceSystem" name="test_health_check" time="0.058" /><testcase classname="tests.unit.test_support_resistance_consolidated.TestInstitutionalSupportResistanceSystem" name="test_create_market_monitor" time="0.052" /><testcase classname="tests.unit.test_support_resistance_consolidated.TestInstitutionalSupportResistanceSystem" name="test_create_monitor_without_analysis" time="0.004" /><testcase classname="tests.unit.test_support_resistance_consolidated.TestInstitutionalMarketMonitor" name="test_process_tick_no_signal" time="0.003" /><testcase classname="tests.unit.test_support_resistance_consolidated.TestInstitutionalMarketMonitor" name="test_process_tick_near_support" time="0.002" /><testcase classname="tests.unit.test_support_resistance_consolidated.TestInstitutionalMarketMonitor" name="test_process_tick_near_resistance" time="0.002" /><testcase classname="tests.unit.test_support_resistance_consolidated.TestInstitutionalMarketMonitor" name="test_deque_limits" time="0.005" /><testcase classname="tests.unit.test_support_resistance_consolidated.TestInstitutionalMarketMonitor" name="test_reset" time="0.003" /><testcase classname="tests.unit.test_support_resistance_consolidated.TestInstitutionalMarketMonitor" name="test_update_levels" time="0.002" /><testcase classname="tests.unit.test_support_resistance_consolidated.TestInstitutionalMarketMonitor" name="test_summary_report" time="0.003" /><testcase classname="tests.unit.test_support_resistance_consolidated.TestStatisticalUtils" name="test_clamp" time="0.002" /><testcase classname="tests.unit.test_support_resistance_consolidated.TestStatisticalUtils" name="test_safe_divide" time="0.002" /><testcase classname="tests.unit.test_support_resistance_consolidated.TestStatisticalUtils" name="test_confidence_interval" time="0.005" /><testcase classname="tests.unit.test_support_resistance_consolidated.TestStatisticalUtils" name="test_confidence_interval_empty" time="0.001" /><testcase classname="tests.unit.test_support_resistance_consolidated.TestStatisticalUtils" name="test_confidence_interval_single_value" time="0.002" /><testcase classname="tests.unit.test_support_resistance_consolidated.TestStatisticalUtils" name="test_cluster_prices" time="0.002" /><testcase classname="tests.unit.test_support_resistance_consolidated.TestStatisticalUtils" name="test_cache_thread_safety" time="0.884" /><testcase classname="tests.unit.test_support_resistance_consolidated.TestStatisticalUtils" name="test_cache_clear" time="0.005" /><testcase classname="tests.unit.test_support_resistance_consolidated.TestEdgeCases" name="test_single_row_dataframe" time="0.004" /><testcase classname="tests.unit.test_support_resistance_consolidated.TestEdgeCases" name="test_very_small_price_range" time="0.034" /><testcase classname="tests.unit.test_support_resistance_consolidated.TestEdgeCases" name="test_very_large_price_range" time="0.050" /><testcase classname="tests.unit.test_support_resistance_consolidated.TestEdgeCases" name="test_extreme_volume_values" time="0.046" /><testcase classname="tests.unit.test_support_resistance_consolidated.TestIntegration" name="test_full_pipeline" time="0.058" /><testcase classname="tests.unit.test_support_resistance_consolidated.TestIntegration" name="test_multiple_analyses_different_configs" time="0.090" /><testcase classname="tests.unit.test_support_resistance_consolidated.TestIntegration" name="test_system_reproducibility" time="0.085" /><testcase classname="tests.unit.test_support_resistance_consolidated.TestSpecificMetrics" name="test_support_below_current_price" time="0.050" /><testcase classname="tests.unit.test_support_resistance_consolidated.TestSpecificMetrics" name="test_resistance_above_current_price" time="0.047" /><testcase classname="tests.unit.test_support_resistance_consolidated.TestSpecificMetrics" name="test_poc_in_value_area" time="0.051" /><testcase classname="tests.unit.test_support_resistance_consolidated.TestSpecificMetrics" name="test_quality_rating_values" time="0.039" /><testcase classname="tests.unit.test_time_manager_async.TestNowNonBlocking" name="test_now_returns_ms" time="0.002" /><testcase classname="tests.unit.test_time_manager_async.TestNowNonBlocking" name="test_now_applies_offset" time="0.002" /><testcase classname="tests.unit.test_time_manager_async.TestNowNonBlocking" name="test_now_does_not_call_sync" time="0.002" /><testcase classname="tests.unit.test_time_manager_async.TestNowNonBlocking" name="test_now_sets_sync_needed_flag" time="0.002" /><testcase classname="tests.unit.test_time_manager_async.TestNowNonBlocking" name="test_now_does_not_set_flag_when_sync_not_needed" time="0.002" /><testcase classname="tests.unit.test_time_manager_async.TestNowNonBlocking" name="test_now_error_fallback" time="0.003" /><testcase classname="tests.unit.test_time_manager_async.TestNeedsSync" name="test_needs_sync_false_by_default" time="0.002" /><testcase classname="tests.unit.test_time_manager_async.TestNeedsSync" name="test_needs_sync_true_after_now_triggers" time="0.003" /><testcase classname="tests.unit.test_time_manager_async.TestSyncAsync" name="test_sync_async_calls_safe_in_executor" time="0.010" /><testcase classname="tests.unit.test_time_manager_async.TestSyncAsync" name="test_sync_async_clears_sync_needed" time="0.007" /><testcase classname="tests.unit.test_time_manager_async.TestSyncAsync" name="test_sync_async_dedup_concurrent" time="0.160" /><testcase classname="tests.unit.test_time_manager_async.TestSyncWithBinanceSafe" name="test_safe_calls_sync" time="0.003" /><testcase classname="tests.unit.test_time_manager_async.TestSyncWithBinanceSafe" name="test_safe_handles_exception" time="0.007" /><testcase classname="tests.unit.test_time_manager_async.TestSyncWithBinanceSafe" name="test_safe_sets_failed_when_no_previous_sync" time="0.003" /><testcase classname="tests.unit.test_time_manager_async.TestPeriodicSync" name="test_periodic_sync_calls_sync_async" time="0.372" /><testcase classname="tests.unit.test_time_manager_async.TestPeriodicSync" name="test_periodic_sync_survives_error" time="0.447" /><testcase classname="tests.unit.test_time_manager_async.TestPeriodicSync" name="test_periodic_sync_cancellable" time="0.162" /><testcase classname="tests.unit.test_time_manager_async.TestValidateOffsetNoRecursion" name="test_offset_ok" time="0.003" /><testcase classname="tests.unit.test_time_manager_async.TestValidateOffsetNoRecursion" name="test_offset_degraded_under_10s" time="0.003" /><testcase classname="tests.unit.test_time_manager_async.TestValidateOffsetNoRecursion" name="test_offset_high_10s_to_60s" time="0.003" /><testcase classname="tests.unit.test_time_manager_async.TestValidateOffsetNoRecursion" name="test_offset_critical" time="0.004" /><testcase classname="tests.unit.test_time_manager_async.TestValidateOffsetNoRecursion" name="test_offset_critical_ntp_success" time="0.002" /><testcase classname="tests.unit.test_time_manager_async.TestValidateOffsetNoRecursion" name="test_no_recursive_sync_call" time="0.002" /><testcase classname="tests.unit.test_time_manager_async.TestValidateOffsetNoRecursion" name="test_offset_history_appended" time="0.002" /><testcase classname="tests.unit.test_time_manager_async.TestValidateOffsetNoRecursion" name="test_offset_history_max_10" time="0.007" /><testcase classname="tests.unit.test_time_manager_async.TestE2EFlow" name="test_now_flags_then_sync_clears" time="0.009" /><testcase classname="tests.unit.test_time_manager_async.TestE2EFlow" name="test_now_does_not_block_event_loop" time="0.014" /><testcase classname="tests.unit.test_time_manager_async.TestE2EFlow" name="test_periodic_picks_up_sync_needed" time="0.122" /><testcase classname="tests.unit.test_yfinance_cache.TestCacheEntry" name="test_valid_entry" time="0.002" /><testcase classname="tests.unit.test_yfinance_cache.TestCacheEntry" name="test_expired_entry" time="0.001" /><testcase classname="tests.unit.test_yfinance_cache.TestCacheEntry" name="test_age_seconds" time="0.002" /><testcase classname="tests.unit.test_yfinance_cache.TestCacheHitMiss" name="test_miss_calls_fetcher" time="0.005" /><testcase classname="tests.unit.test_yfinance_cache.TestCacheHitMiss" name="test_hit_skips_fetcher" time="0.006" /><testcase classname="tests.unit.test_yfinance_cache.TestCacheHitMiss" name="test_expired_calls_fetcher_again" time="0.167" /><testcase classname="tests.unit.test_yfinance_cache.TestCacheHitMiss" name="test_get_without_fetcher_returns_none" time="0.004" /><testcase classname="tests.unit.test_yfinance_cache.TestCacheHitMiss" name="test_get_sync_returns_cached" time="0.003" /><testcase classname="tests.unit.test_yfinance_cache.TestCacheHitMiss" name="test_get_sync_returns_none_when_expired" time="0.022" /><testcase classname="tests.unit.test_yfinance_cache.TestDeduplication" name="test_concurrent_fetches_deduplicated" time="0.004" /><testcase classname="tests.unit.test_yfinance_cache.TestDeduplication" name="test_different_keys_fetch_independently" time="0.006" /><testcase classname="tests.unit.test_yfinance_cache.TestStaleWhileRevalidate" name="test_returns_stale_on_fetch_error" time="0.038" /><testcase classname="tests.unit.test_yfinance_cache.TestStaleWhileRevalidate" name="test_returns_none_on_error_without_stale" time="0.006" /><testcase classname="tests.unit.test_yfinance_cache.TestStaleWhileRevalidate" name="test_returns_stale_on_none_result" time="0.041" /><testcase classname="tests.unit.test_yfinance_cache.TestCacheOperations" name="test_set_and_get_sync" time="0.002" /><testcase classname="tests.unit.test_yfinance_cache.TestCacheOperations" name="test_set_with_custom_ttl" time="0.023" /><testcase classname="tests.unit.test_yfinance_cache.TestCacheOperations" name="test_invalidate" time="0.002" /><testcase classname="tests.unit.test_yfinance_cache.TestCacheOperations" name="test_invalidate_nonexistent_key" time="0.002" /><testcase classname="tests.unit.test_yfinance_cache.TestCacheOperations" name="test_clear" time="0.002" /><testcase classname="tests.unit.test_yfinance_cache.TestStats" name="test_stats_count_hits_and_misses" time="0.005" /><testcase classname="tests.unit.test_yfinance_cache.TestStats" name="test_stats_count_errors" time="0.005" /><testcase classname="tests.unit.test_yfinance_cache.TestStats" name="test_stats_valid_entries" time="0.023" /><testcase classname="tests.unit.test_yfinance_cache.TestTTLDefaults" name="test_known_keys_have_ttl" time="0.002" /><testcase classname="tests.unit.test_yfinance_cache.TestTTLDefaults" name="test_default_ttl_exists" time="0.002" /><testcase classname="tests.unit.test_yfinance_cache.TestSingleton" name="test_returns_same_instance" time="0.003" /><testcase classname="tests.unit.test_yfinance_cache.TestSingleton" name="test_reset_clears_instance" time="0.003" /><testcase classname="tests.unit.test_yfinance_cache.TestSingleton" name="test_shared_across_modules" time="0.003" /><testcase classname="tests.unit.test_yfinance_cache.TestE2EScenario" name="test_prefetch_then_read" time="0.006" /><testcase classname="tests.unit.test_yfinance_cache.TestE2EScenario" name="test_two_windows_second_uses_cache" time="0.005" /><testcase classname="tests.unit.test_yfinance_cache.TestE2EScenario" name="test_parallel_fetch_performance" time="0.127" /></testsuite></testsuites>